 vorbis

 Timestamp is 5db87fa4 (Tue Oct 29 15:06:28 2019)

 Preferred load address is 0000000180000000

 Start         Length     Name                   Class
 0001:00000000 00036b60H .text$mn                CODE
 0001:00036b60 00000020H .text$mn$00             CODE
 0001:00036b80 00000250H .text$x                 CODE
 0002:00000000 000002b8H .idata$5                DATA
 0002:000002b8 00000010H .00cfg                  DATA
 0002:000002c8 00000008H .CRT$XCA                DATA
 0002:000002d0 00000008H .CRT$XCU                DATA
 0002:000002d8 00000008H .CRT$XCZ                DATA
 0002:000002e0 00000008H .CRT$XIA                DATA
 0002:000002e8 00000018H .CRT$XIC                DATA
 0002:00000300 00000008H .CRT$XIZ                DATA
 0002:00000308 00000008H .CRT$XPA                DATA
 0002:00000310 00000010H .CRT$XPX                DATA
 0002:00000320 00000008H .CRT$XPXA               DATA
 0002:00000328 00000008H .CRT$XPZ                DATA
 0002:00000330 00000008H .CRT$XTA                DATA
 0002:00000338 00000008H .CRT$XTZ                DATA
 0002:00000340 00000000H .gfids$y                DATA
 0002:00000340 00185f30H .rdata                  DATA
 0002:00186270 000001f4H .rdata$r                DATA
 0002:00186464 000003bcH .rdata$zzzdbg           DATA
 0002:00186820 00000008H .rtc$IAA                DATA
 0002:00186828 00000008H .rtc$IZZ                DATA
 0002:00186830 00000008H .rtc$TAA                DATA
 0002:00186838 00000008H .rtc$TZZ                DATA
 0002:00186840 00002828H .xdata                  DATA
 0002:00189068 000000ecH .xdata$x                DATA
 0002:00189154 00000020H .didat$2                DATA
 0002:00189174 00000024H .didat$3                DATA
 0002:00189198 00000168H .didat$4                DATA
 0002:00189300 00000c88H .didat$6                DATA
 0002:00189f88 00000168H .didat$7                DATA
 0002:0018a0f0 00000050H .edata                  DATA
 0002:0018a140 00000028H .idata$2                DATA
 0002:0018a168 00000018H .idata$3                DATA
 0002:0018a180 000002b8H .idata$4                DATA
 0002:0018a438 00000646H .idata$6                DATA
 0003:00000000 00000ac0H .data                   DATA
 0003:00000ac0 000000a0H .data$r                 DATA
 0003:00000b60 00000170H .didat$5                DATA
 0003:00000cd0 00001208H .bss                    DATA
 0004:00000000 000021b4H .pdata                  DATA
 0005:00000000 00000094H _RDATA                  DATA
 0006:00000000 00000060H .rsrc$01                DATA
 0006:00000060 00000180H .rsrc$02                DATA

  Address         Publics by Value              Rva+Base               Lib:Object

 0000:00000000       __guard_fids_count         0000000000000000     <absolute>
 0000:00000000       __guard_longjmp_count      0000000000000000     <absolute>
 0000:00000000       __hybrid_code_map          0000000000000000     <absolute>
 0000:00000000       __guard_longjmp_table      0000000000000000     <absolute>
 0000:00000000       __guard_iat_count          0000000000000000     <absolute>
 0000:00000000       __volatile_metadata        0000000000000000     <absolute>
 0000:00000000       __guard_iat_table          0000000000000000     <absolute>
 0000:00000000       __hybrid_code_map_count    0000000000000000     <absolute>
 0000:00000000       __enclave_config           0000000000000000     <absolute>
 0000:00000000       ___safe_se_handler_count   0000000000000000     <absolute>
 0000:00000000       __AbsoluteZero             0000000000000000     <absolute>
 0000:00000000       ___safe_se_handler_table   0000000000000000     <absolute>
 0000:00000000       __guard_fids_table         0000000000000000     <absolute>
 0000:00000000       __hybrid_auxiliary_iat     0000000000000000     <absolute>
 0000:00000000       __dynamic_value_reloc_table 0000000000000000     <absolute>
 0000:00000100       __guard_flags              0000000000000100     <absolute>
 0000:00000000       __ImageBase                0000000180000000     <linker-defined>
 0001:000000e0       ?Call@Callback@Nan@@QEBA?AV?$MaybeLocal@VValue@v8@@@v8@@HQEAV?$Local@VValue@v8@@@4@PEAVAsyncResource@2@@Z 00000001800010e0 f i binding.obj
 0001:000001f0       ??0AsyncWorker@Nan@@QEAA@PEAVCallback@1@PEBD@Z 00000001800011f0 f i binding.obj
 0001:00000370       ??1AsyncWorker@Nan@@UEAA@XZ 0000000180001370 f i binding.obj
 0001:00000440       ?WorkComplete@AsyncWorker@Nan@@UEAAXXZ 0000000180001440 f i binding.obj
 0001:000004d0       ?Destroy@AsyncWorker@Nan@@UEAAXXZ 00000001800014d0 f i binding.obj
 0001:000004f0       ?HandleOKCallback@AsyncWorker@Nan@@MEAAXXZ 00000001800014f0 f i binding.obj
 0001:00000550       ?HandleErrorCallback@AsyncWorker@Nan@@MEAAXXZ 0000000180001550 f i binding.obj
 0001:00000600       ??_GAsyncWorker@Nan@@UEAAPEAXI@Z 0000000180001600 f i binding.obj
 0001:00000600       ??_EAsyncWorker@Nan@@UEAAPEAXI@Z 0000000180001600 f i * CIL library *:* CIL module *
 0001:00000640       ?AsyncExecute@Nan@@YAXPEAUuv_work_s@@@Z 0000000180001640 f i binding.obj
 0001:00000650       ?AsyncExecuteComplete@Nan@@YAXPEAUuv_work_s@@@Z 0000000180001650 f i binding.obj
 0001:00000680       ?node_vorbis_info_init@nodevorbis@@YAXAEBV?$FunctionCallbackInfo@VValue@v8@@@Nan@@@Z 0000000180001680 f   binding.obj
 0001:00000710       ?node_vorbis_comment_init@nodevorbis@@YAXAEBV?$FunctionCallbackInfo@VValue@v8@@@Nan@@@Z 0000000180001710 f   binding.obj
 0001:00000780       ?node_vorbis_synthesis_init@nodevorbis@@YAXAEBV?$FunctionCallbackInfo@VValue@v8@@@Nan@@@Z 0000000180001780 f   binding.obj
 0001:00000950       ?node_vorbis_analysis_init@nodevorbis@@YAXAEBV?$FunctionCallbackInfo@VValue@v8@@@Nan@@@Z 0000000180001950 f   binding.obj
 0001:00000c60       ?node_vorbis_block_init@nodevorbis@@YAXAEBV?$FunctionCallbackInfo@VValue@v8@@@Nan@@@Z 0000000180001c60 f   binding.obj
 0001:00000e40       ?node_vorbis_encode_init_vbr@nodevorbis@@YAXAEBV?$FunctionCallbackInfo@VValue@v8@@@Nan@@@Z 0000000180001e40 f   binding.obj
 0001:00001060       ?node_comment_array@nodevorbis@@YAXAEBV?$FunctionCallbackInfo@VValue@v8@@@Nan@@@Z 0000000180002060 f   binding.obj
 0001:000012d0       ?node_get_format@nodevorbis@@YAXAEBV?$FunctionCallbackInfo@VValue@v8@@@Nan@@@Z 00000001800022d0 f   binding.obj
 0001:00001ad0       ?node_vorbis_analysis_headerout@nodevorbis@@YAXAEBV?$FunctionCallbackInfo@VValue@v8@@@Nan@@@Z 0000000180002ad0 f   binding.obj
 0001:00001cf0       ?Execute@AnalysisWriteWorker@nodevorbis@@UEAAXXZ 0000000180002cf0 f i binding.obj
 0001:00001da0       ?HandleOKCallback@AnalysisWriteWorker@nodevorbis@@UEAAXXZ 0000000180002da0 f i binding.obj
 0001:00001da0       ?HandleOKCallback@SynthesisHeaderinWorker@nodevorbis@@UEAAXXZ 0000000180002da0 f i binding.obj
 0001:00001e90       ??_GAnalysisWriteWorker@nodevorbis@@UEAAPEAXI@Z 0000000180002e90 f i binding.obj
 0001:00001e90       ??_EAnalysisWriteWorker@nodevorbis@@UEAAPEAXI@Z 0000000180002e90 f i * CIL library *:* CIL module *
 0001:00001ed0       ?node_vorbis_analysis_write@nodevorbis@@YAXAEBV?$FunctionCallbackInfo@VValue@v8@@@Nan@@@Z 0000000180002ed0 f   binding.obj
 0001:000020b0       ?Execute@AnalysisBlockoutWorker@nodevorbis@@UEAAXXZ 00000001800030b0 f i binding.obj
 0001:000020e0       ?HandleOKCallback@AnalysisBlockoutWorker@nodevorbis@@UEAAXXZ 00000001800030e0 f i binding.obj
 0001:000020e0       ?HandleOKCallback@BitrateFlushpacketWorker@nodevorbis@@UEAAXXZ 00000001800030e0 f i binding.obj
 0001:000021d0       ??_GAnalysisBlockoutWorker@nodevorbis@@UEAAPEAXI@Z 00000001800031d0 f i binding.obj
 0001:000021d0       ??_EAnalysisBlockoutWorker@nodevorbis@@UEAAPEAXI@Z 00000001800031d0 f i * CIL library *:* CIL module *
 0001:00002210       ?node_vorbis_analysis_blockout@nodevorbis@@YAXAEBV?$FunctionCallbackInfo@VValue@v8@@@Nan@@@Z 0000000180003210 f   binding.obj
 0001:00002390       ?node_vorbis_analysis_eos@nodevorbis@@YAXAEBV?$FunctionCallbackInfo@VValue@v8@@@Nan@@@Z 0000000180003390 f   binding.obj
 0001:000024a0       ?node_vorbis_analysis@nodevorbis@@YAXAEBV?$FunctionCallbackInfo@VValue@v8@@@Nan@@@Z 00000001800034a0 f   binding.obj
 0001:000026c0       ?node_vorbis_bitrate_addblock@nodevorbis@@YAXAEBV?$FunctionCallbackInfo@VValue@v8@@@Nan@@@Z 00000001800036c0 f   binding.obj
 0001:000027d0       ?Execute@BitrateFlushpacketWorker@nodevorbis@@UEAAXXZ 00000001800037d0 f i binding.obj
 0001:000028d0       ??_EBitrateFlushpacketWorker@nodevorbis@@UEAAPEAXI@Z 00000001800038d0 f i * CIL library *:* CIL module *
 0001:000028d0       ??_GBitrateFlushpacketWorker@nodevorbis@@UEAAPEAXI@Z 00000001800038d0 f i binding.obj
 0001:00002910       ?node_vorbis_bitrate_flushpacket@nodevorbis@@YAXAEBV?$FunctionCallbackInfo@VValue@v8@@@Nan@@@Z 0000000180003910 f   binding.obj
 0001:00002a90       ?Execute@SynthesisIdheaderWorker@nodevorbis@@UEAAXXZ 0000000180003a90 f i binding.obj
 0001:00002b80       ?HandleOKCallback@SynthesisIdheaderWorker@nodevorbis@@UEAAXXZ 0000000180003b80 f i binding.obj
 0001:00002c20       ??_GSynthesisIdheaderWorker@nodevorbis@@UEAAPEAXI@Z 0000000180003c20 f i binding.obj
 0001:00002c20       ??_ESynthesisIdheaderWorker@nodevorbis@@UEAAPEAXI@Z 0000000180003c20 f i * CIL library *:* CIL module *
 0001:00002c60       ?node_vorbis_synthesis_idheader@nodevorbis@@YAXAEBV?$FunctionCallbackInfo@VValue@v8@@@Nan@@@Z 0000000180003c60 f   binding.obj
 0001:00002d90       ?Execute@SynthesisHeaderinWorker@nodevorbis@@UEAAXXZ 0000000180003d90 f i binding.obj
 0001:00002dc0       ??_ESynthesisHeaderinWorker@nodevorbis@@UEAAPEAXI@Z 0000000180003dc0 f i * CIL library *:* CIL module *
 0001:00002dc0       ??_GSynthesisHeaderinWorker@nodevorbis@@UEAAPEAXI@Z 0000000180003dc0 f i binding.obj
 0001:00002e00       ?node_vorbis_synthesis_headerin@nodevorbis@@YAXAEBV?$FunctionCallbackInfo@VValue@v8@@@Nan@@@Z 0000000180003e00 f   binding.obj
 0001:00002fc0       ?node_vorbis_synthesis@nodevorbis@@YAXAEBV?$FunctionCallbackInfo@VValue@v8@@@Nan@@@Z 0000000180003fc0 f   binding.obj
 0001:00003120       ?node_vorbis_synthesis_blockin@nodevorbis@@YAXAEBV?$FunctionCallbackInfo@VValue@v8@@@Nan@@@Z 0000000180004120 f   binding.obj
 0001:00003280       ?node_vorbis_synthesis_pcmout@nodevorbis@@YAXAEBV?$FunctionCallbackInfo@VValue@v8@@@Nan@@@Z 0000000180004280 f   binding.obj
 0001:000035b0       ?Initialize@nodevorbis@@YAXV?$Local@VObject@v8@@@v8@@@Z 00000001800045b0 f   binding.obj
 0001:00004b00       ??$SetMethod@VObject@v8@@VLocal@2@@Nan@@YAXV?$Local@VObject@v8@@@v8@@PEBDP6AXAEBV?$FunctionCallbackInfo@VValue@v8@@@0@@Z@Z 0000000180005b00 f i binding.obj
 0001:00004d40       ??$SetMethodAux@V?$Local@VObject@v8@@@v8@@@imp@Nan@@YAXV?$Local@VObject@v8@@@v8@@V?$Local@VString@v8@@@3@V?$Local@VFunctionTemplate@v8@@@3@ZZ 0000000180005d40 f i binding.obj
 0001:00004e50       _vorbis_block_ripcord      0000000180005e50 f   libvorbis:block.obj
 0001:00005560       vorbis_dsp_clear           0000000180006560 f   libvorbis:block.obj
 0001:00005a30       vorbis_analysis_buffer     0000000180006a30 f   libvorbis:block.obj
 0001:00005cd0       vorbis_analysis_wrote      0000000180006cd0 f   libvorbis:block.obj
 0001:00005e50       vorbis_analysis_blockout   0000000180006e50 f   libvorbis:block.obj
 0001:00006340       vorbis_synthesis_blockin   0000000180007340 f   libvorbis:block.obj
 0001:00006d90       vorbis_info_clear          0000000180007d90 f   libvorbis:info.obj
 0001:00007590       vorbis_synthesis_headerin  0000000180008590 f   libvorbis:info.obj
 0001:00007c30       vorbis_analysis_headerout  0000000180008c30 f   libvorbis:info.obj
 0001:00007ff0       vorbis_bitrate_managed     0000000180008ff0 f   libvorbis:bitrate.obj
 0001:00008010       vorbis_bitrate_addblock    0000000180009010 f   libvorbis:bitrate.obj
 0001:00008500       vorbis_synthesis           0000000180009500 f   libvorbis:synthesis.obj
 0001:00008770       vorbis_lpc_from_data       0000000180009770 f   libvorbis:lpc.obj
 0001:00008e00       vorbis_lpc_predict         0000000180009e00 f   libvorbis:lpc.obj
 0001:00009020       _make_words                000000018000a020 f   libvorbis:sharedbook.obj
 0001:00009220       _book_maptype1_quantvals   000000018000a220 f   libvorbis:sharedbook.obj
 0001:000092b0       _book_unquantize           000000018000a2b0 f   libvorbis:sharedbook.obj
 0001:000095a0       vorbis_book_init_decode    000000018000a5a0 f   libvorbis:sharedbook.obj
 0001:00009c70       _ve_envelope_init          000000018000ac70 f   libvorbis:envelope.obj
 0001:0000a750       _ve_envelope_search        000000018000b750 f   libvorbis:envelope.obj
 0001:0000bf20       _vp_psy_init               000000018000cf20 f   libvorbis:psy.obj
 0001:0000d810       _vp_noisemask              000000018000e810 f   libvorbis:psy.obj
 0001:0000dd70       _vp_tonemask               000000018000ed70 f   libvorbis:psy.obj
 0001:0000e0e0       _vp_offset_and_mix         000000018000f0e0 f   libvorbis:psy.obj
 0001:0000eb60       _vp_couple_quantize_normalize 000000018000fb60 f   libvorbis:psy.obj
 0001:0000f8f0       mdct_init                  00000001800108f0 f   libvorbis:mdct.obj
 0001:000107a0       mdct_backward              00000001800117a0 f   libvorbis:mdct.obj
 0001:00010b70       mdct_forward               0000000180011b70 f   libvorbis:mdct.obj
 0001:00013b60       _vorbis_apply_window       0000000180014b60 f   libvorbis:window.obj
 0001:00013e10       vorbis_staticbook_pack     0000000180014e10 f   libvorbis:codebook.obj
 0001:00014150       vorbis_staticbook_unpack   0000000180015150 f   libvorbis:codebook.obj
 0001:000146b0       vorbis_book_decodevs_add   00000001800156b0 f   libvorbis:codebook.obj
 0001:000148b0       vorbis_book_decodev_add    00000001800158b0 f   libvorbis:codebook.obj
 0001:00017080       res0_free_info             0000000180018080 f   libvorbis:res0.obj
 0001:000170b0       res0_free_look             00000001800180b0 f   libvorbis:res0.obj
 0001:00017170       res0_pack                  0000000180018170 f   libvorbis:res0.obj
 0001:000172c0       res0_unpack                00000001800182c0 f   libvorbis:res0.obj
 0001:000174c0       res0_look                  00000001800184c0 f   libvorbis:res0.obj
 0001:000188e0       res0_inverse               00000001800198e0 f   libvorbis:res0.obj
 0001:00018950       res1_forward               0000000180019950 f   libvorbis:res0.obj
 0001:000189d0       res1_class                 00000001800199d0 f   libvorbis:res0.obj
 0001:00018a30       res1_inverse               0000000180019a30 f   libvorbis:res0.obj
 0001:00018aa0       res2_class                 0000000180019aa0 f   libvorbis:res0.obj
 0001:00018bf0       res2_forward               0000000180019bf0 f   libvorbis:res0.obj
 0001:00018d60       res2_inverse               0000000180019d60 f   libvorbis:res0.obj
 0001:0001aca0       floor1_fit                 000000018001bca0 f   libvorbis:floor1.obj
 0001:0001b350       floor1_interpolate_fit     000000018001c350 f   libvorbis:floor1.obj
 0001:0001b600       floor1_encode              000000018001c600 f   libvorbis:floor1.obj
 0001:0001c3a0       vorbis_lsp_to_curve        000000018001d3a0 f   libvorbis:lsp.obj
 0001:0001ef20       vorbis_encode_setup_init   000000018001ff20 f   libvorbisenc:vorbisenc.obj
 0001:0001ff5f       __imp_load_uv_queue_work   0000000180020f5f f   node:node.exe
 0001:0001ff6b       __tailMerge_node_exe       0000000180020f6b     node:node.exe
 0001:0001ffe4       __imp_load_?Global@Context@v8@@QEAA?AV?$Local@VObject@v8@@@2@XZ 0000000180020fe4 f   node:node.exe
 0001:0001fff0       __imp_load_?Value@External@v8@@QEBAPEAXXZ 0000000180020ff0 f   node:node.exe
 0001:0001fffc       __imp_load_?New@External@v8@@SA?AV?$Local@VExternal@v8@@@2@PEAVIsolate@2@PEAX@Z 0000000180020ffc f   node:node.exe
 0001:00020008       __imp_load_?New@Integer@v8@@SA?AV?$Local@VInteger@v8@@@2@PEAVIsolate@2@H@Z 0000000180021008 f   node:node.exe
 0001:00020014       __imp_load_?GetCurrentContext@Isolate@v8@@QEAA?AV?$Local@VContext@v8@@@2@XZ 0000000180021014 f   node:node.exe
 0001:00020020       __imp_load_?GetCurrent@Isolate@v8@@SAPEAV12@XZ 0000000180021020 f   node:node.exe
 0001:0002002c       __imp_load_?CreateHandle@HandleScope@v8@@KAPEAPEAVObject@internal@2@PEAVIsolate@42@PEAV342@@Z 000000018002102c f   node:node.exe
 0001:00020038       __imp_load_?CreateHandle@HandleScope@v8@@CAPEAPEAVObject@internal@2@PEAVHeapObject@42@PEAV342@@Z 0000000180021038 f   node:node.exe
 0001:00020044       __imp_load_??1HandleScope@v8@@QEAA@XZ 0000000180021044 f   node:node.exe
 0001:00020050       __imp_load_??0HandleScope@v8@@QEAA@PEAVIsolate@1@@Z 0000000180021050 f   node:node.exe
 0001:0002005c       __imp_load_?Error@Exception@v8@@SA?AV?$Local@VValue@v8@@@2@V?$Local@VString@v8@@@2@@Z 000000018002105c f   node:node.exe
 0001:00020068       __imp_load_?New@Array@v8@@SA?AV?$Local@VArray@v8@@@2@PEAVIsolate@2@H@Z 0000000180021068 f   node:node.exe
 0001:00020074       __imp_load_?SetClassName@FunctionTemplate@v8@@QEAAXV?$Local@VString@v8@@@2@@Z 0000000180021074 f   node:node.exe
 0001:00020080       __imp_load_?GetFunction@FunctionTemplate@v8@@QEAA?AV?$MaybeLocal@VFunction@v8@@@2@V?$Local@VContext@v8@@@2@@Z 0000000180021080 f   node:node.exe
 0001:0002008c       __imp_load_?New@FunctionTemplate@v8@@SA?AV?$Local@VFunctionTemplate@v8@@@2@PEAVIsolate@2@P6AXAEBV?$FunctionCallbackInfo@VValue@v8@@@2@@ZV?$Local@VValue@v8@@@2@V?$Local@VSignature@v8@@@2@HW4ConstructorBehavior@2@W4SideEffectType@2@@Z 000000018002108c f   node:node.exe
 0001:00020098       __imp_load_?ToLocalEmpty@V8@v8@@CAXXZ 0000000180021098 f   node:node.exe
 0001:000200a4       __imp_load_?DisposeGlobal@V8@v8@@CAXPEAPEAVObject@internal@2@@Z 00000001800210a4 f   node:node.exe
 0001:000200b0       __imp_load_?GlobalizeReference@V8@v8@@CAPEAPEAVObject@internal@2@PEAVIsolate@42@PEAPEAV342@@Z 00000001800210b0 f   node:node.exe
 0001:000200bc       __imp_load_?Int32Value@Value@v8@@QEBAHXZ 00000001800210bc f   node:node.exe
 0001:000200c8       __imp_load_?IntegerValue@Value@v8@@QEBA_JXZ 00000001800210c8 f   node:node.exe
 0001:000200d4       __imp_load_?NumberValue@Value@v8@@QEBANXZ 00000001800210d4 f   node:node.exe
 0001:000200e0       __imp_load_?ToInteger@Value@v8@@QEBA?AV?$MaybeLocal@VInteger@v8@@@2@V?$Local@VContext@v8@@@2@@Z 00000001800210e0 f   node:node.exe
 0001:000200ec       __imp_load_?Escape@EscapableHandleScope@v8@@AEAAPEAPEAVObject@internal@2@PEAPEAV342@@Z 00000001800210ec f   node:node.exe
 0001:000200f8       __imp_load_??0EscapableHandleScope@v8@@QEAA@PEAVIsolate@1@@Z 00000001800210f8 f   node:node.exe
 0001:00020104       __imp_load_?NewFromUtf8@String@v8@@SA?AV?$MaybeLocal@VString@v8@@@2@PEAVIsolate@2@PEBDW4NewStringType@2@H@Z 0000000180021104 f   node:node.exe
 0001:00020110       __imp_load_?New@Number@v8@@SA?AV?$Local@VNumber@v8@@@2@PEAVIsolate@2@N@Z 0000000180021110 f   node:node.exe
 0001:0002011c       __imp_load_?SlowGetInternalField@Object@v8@@AEAA?AV?$Local@VValue@v8@@@2@H@Z 000000018002111c f   node:node.exe
 0001:00020128       __imp_load_?New@Object@v8@@SA?AV?$Local@VObject@v8@@@2@PEAVIsolate@2@@Z 0000000180021128 f   node:node.exe
 0001:00020134       __imp_load_?SetInternalField@Object@v8@@QEAAXHV?$Local@VValue@v8@@@2@@Z 0000000180021134 f   node:node.exe
 0001:00020140       __imp_load_?DefineOwnProperty@Object@v8@@QEAA?AV?$Maybe@_N@2@V?$Local@VContext@v8@@@2@V?$Local@VName@v8@@@2@V?$Local@VValue@v8@@@2@W4PropertyAttribute@2@@Z 0000000180021140 f   node:node.exe
 0001:0002014c       __imp_load_?Set@Object@v8@@QEAA?AV?$Maybe@_N@2@V?$Local@VContext@v8@@@2@V?$Local@VValue@v8@@@2@1@Z 000000018002114c f   node:node.exe
 0001:00020158       __imp_load_?Set@Object@v8@@QEAA?AV?$Maybe@_N@2@V?$Local@VContext@v8@@@2@IV?$Local@VValue@v8@@@2@@Z 0000000180021158 f   node:node.exe
 0001:00020164       __imp_load_?SetInternalFieldCount@ObjectTemplate@v8@@QEAAXH@Z 0000000180021164 f   node:node.exe
 0001:00020170       __imp_load_?NewInstance@ObjectTemplate@v8@@QEAA?AV?$MaybeLocal@VObject@v8@@@2@V?$Local@VContext@v8@@@2@@Z 0000000180021170 f   node:node.exe
 0001:0002017c       __imp_load_?New@ObjectTemplate@v8@@SA?AV?$Local@VObjectTemplate@v8@@@2@PEAVIsolate@2@V?$Local@VFunctionTemplate@v8@@@2@@Z 000000018002117c f   node:node.exe
 0001:00020188       __imp_load_?EmitAsyncDestroy@node@@YAXPEAVIsolate@v8@@Uasync_context@1@@Z 0000000180021188 f   node:node.exe
 0001:00020194       __imp_load_node_module_register 0000000180021194 f   node:node.exe
 0001:000201a0       __imp_load_?HasInstance@Buffer@node@@YA_NV?$Local@VValue@v8@@@v8@@@Z 00000001800211a0 f   node:node.exe
 0001:000201ac       __imp_load_?New@Buffer@node@@YA?AV?$MaybeLocal@VObject@v8@@@v8@@PEAVIsolate@4@_K@Z 00000001800211ac f   node:node.exe
 0001:000201b8       __imp_load_?Data@Buffer@node@@YAPEADV?$Local@VObject@v8@@@v8@@@Z 00000001800211b8 f   node:node.exe
 0001:000201c4       __imp_load_?MakeCallback@node@@YA?AV?$MaybeLocal@VValue@v8@@@v8@@PEAVIsolate@3@V?$Local@VObject@v8@@@3@V?$Local@VFunction@v8@@@3@HPEAV?$Local@VValue@v8@@@3@Uasync_context@1@@Z 00000001800211c4 f   node:node.exe
 0001:000201d0       __imp_load_?EmitAsyncInit@node@@YA?AUasync_context@1@PEAVIsolate@v8@@V?$Local@VObject@v8@@@4@V?$Local@VString@v8@@@4@N@Z 00000001800211d0 f   node:node.exe
 0001:000201dc       __imp_load_?GetCurrentEventLoop@node@@YAPEAUuv_loop_s@@PEAVIsolate@v8@@@Z 00000001800211dc f   node:node.exe
 0001:00020200       __security_check_cookie    0000000180021200 f   LIBCMT:amdsecgs.obj
 0001:00020224       ??3@YAXPEAX_K@Z            0000000180021224 f   LIBCMT:delete_scalar_size.obj
 0001:00020224       ??_V@YAXPEAX@Z             0000000180021224 f   LIBCMT:delete_array.obj
 0001:0002022c       ??2@YAPEAX_K@Z             000000018002122c f   LIBCMT:new_scalar.obj
 0001:00020588       _DllMainCRTStartup         0000000180021588 f   LIBCMT:dll_dllmain.obj
 0001:000205c8       __raise_securityfailure    00000001800215c8 f   LIBCMT:gs_report.obj
 0001:000205fc       __report_gsfailure         00000001800215fc f   LIBCMT:gs_report.obj
 0001:000206d0       __report_rangecheckfailure 00000001800216d0 f   LIBCMT:gs_report.obj
 0001:000206e4       __report_securityfailure   00000001800216e4 f   LIBCMT:gs_report.obj
 0001:00020864       ??3@YAXPEAX@Z              0000000180021864 f   LIBCMT:delete_scalar.obj
 0001:0002086c       ??0bad_alloc@std@@QEAA@AEBV01@@Z 000000018002186c f i LIBCMT:throw_bad_alloc.obj
 0001:000208a8       ??0bad_alloc@std@@QEAA@XZ  00000001800218a8 f i LIBCMT:throw_bad_alloc.obj
 0001:000208c8       ??0bad_array_new_length@std@@QEAA@AEBV01@@Z 00000001800218c8 f i LIBCMT:throw_bad_alloc.obj
 0001:00020904       ??0bad_array_new_length@std@@QEAA@XZ 0000000180021904 f i LIBCMT:throw_bad_alloc.obj
 0001:00020924       ??0exception@std@@QEAA@AEBV01@@Z 0000000180021924 f i LIBCMT:throw_bad_alloc.obj
 0001:00020958       ??1bad_alloc@std@@UEAA@XZ  0000000180021958 f i LIBCMT:throw_bad_alloc.obj
 0001:00020958       ??1bad_array_new_length@std@@UEAA@XZ 0000000180021958 f i LIBCMT:throw_bad_alloc.obj
 0001:0002096c       ??_Gbad_alloc@std@@UEAAPEAXI@Z 000000018002196c f i LIBCMT:throw_bad_alloc.obj
 0001:0002096c       ??_Ebad_alloc@std@@UEAAPEAXI@Z 000000018002196c f i LIBCMT:throw_bad_alloc.obj
 0001:0002096c       ??_Eexception@std@@UEAAPEAXI@Z 000000018002196c f i LIBCMT:throw_bad_alloc.obj
 0001:0002096c       ??_Ebad_array_new_length@std@@UEAAPEAXI@Z 000000018002196c f i LIBCMT:throw_bad_alloc.obj
 0001:0002096c       ??_Gexception@std@@UEAAPEAXI@Z 000000018002196c f i LIBCMT:throw_bad_alloc.obj
 0001:0002096c       ??_Gbad_array_new_length@std@@UEAAPEAXI@Z 000000018002196c f i LIBCMT:throw_bad_alloc.obj
 0001:000209b0       ?__scrt_throw_std_bad_alloc@@YAXXZ 00000001800219b0 f   LIBCMT:throw_bad_alloc.obj
 0001:000209d0       ?__scrt_throw_std_bad_array_new_length@@YAXXZ 00000001800219d0 f   LIBCMT:throw_bad_alloc.obj
 0001:000209f0       ?what@exception@std@@UEBAPEBDXZ 00000001800219f0 f i LIBCMT:throw_bad_alloc.obj
 0001:00020a04       __security_init_cookie     0000000180021a04 f   LIBCMT:gs_support.obj
 0001:00020ab0       _get_startup_argv_mode     0000000180021ab0 f   LIBCMT:argv_mode.obj
 0001:00020ab0       DllMain                    0000000180021ab0 f   LIBCMT:dll_dllmain_stub.obj
 0001:00020ab8       ?__scrt_initialize_type_info@@YAXXZ 0000000180021ab8 f   LIBCMT:tncleanup.obj
 0001:00020ac8       ?__scrt_uninitialize_type_info@@YAXXZ 0000000180021ac8 f   LIBCMT:tncleanup.obj
 0001:00020ad4       __local_stdio_printf_options 0000000180021ad4 f i LIBCMT:default_local_stdio_options.obj
 0001:00020adc       __local_stdio_scanf_options 0000000180021adc f i LIBCMT:default_local_stdio_options.obj
 0001:00020ae4       __scrt_initialize_default_local_stdio_options 0000000180021ae4 f   LIBCMT:default_local_stdio_options.obj
 0001:00020b00       __scrt_acquire_startup_lock 0000000180021b00 f   LIBCMT:utility.obj
 0001:00020b3c       __scrt_dllmain_after_initialize_c 0000000180021b3c f   LIBCMT:utility.obj
 0001:00020b70       __scrt_dllmain_before_initialize_c 0000000180021b70 f   LIBCMT:utility.obj
 0001:00020b88       __scrt_dllmain_crt_thread_attach 0000000180021b88 f   LIBCMT:utility.obj
 0001:00020bb0       __scrt_dllmain_crt_thread_detach 0000000180021bb0 f   LIBCMT:utility.obj
 0001:00020bc8       __scrt_dllmain_exception_filter 0000000180021bc8 f   LIBCMT:utility.obj
 0001:00020c28       __scrt_dllmain_uninitialize_c 0000000180021c28 f   LIBCMT:utility.obj
 0001:00020c58       __scrt_dllmain_uninitialize_critical 0000000180021c58 f   LIBCMT:utility.obj
 0001:00020c6c       __scrt_initialize_crt      0000000180021c6c f   LIBCMT:utility.obj
 0001:00020cb8       __scrt_initialize_onexit_tables 0000000180021cb8 f   LIBCMT:utility.obj
 0001:00020d44       __scrt_is_nonwritable_in_current_image 0000000180021d44 f   LIBCMT:utility.obj
 0001:00020ddc       __scrt_release_startup_lock 0000000180021ddc f   LIBCMT:utility.obj
 0001:00020e00       __scrt_uninitialize_crt    0000000180021e00 f   LIBCMT:utility.obj
 0001:00020e2c       __scrt_get_dyn_tls_init_callback 0000000180021e2c f   LIBCMT:dyn_tls_init.obj
 0001:00020e34       __crt_debugger_hook        0000000180021e34 f   LIBCMT:utility_desktop.obj
 0001:00020e3c       __scrt_fastfail            0000000180021e3c f   LIBCMT:utility_desktop.obj
 0001:00020f88       _RTC_Initialize            0000000180021f88 f   LIBCMT:initsect.obj
 0001:00020fc4       _RTC_Terminate             0000000180021fc4 f   LIBCMT:initsect.obj
 0001:00021000       _guard_check_icall_nop     0000000180022000 f i LIBCMT:guard_support.obj
 0001:00021004       ??_Etype_info@@UEAAPEAXI@Z 0000000180022004 f i LIBCMT:std_type_info_static.obj
 0001:00021004       ??_Gtype_info@@UEAAPEAXI@Z 0000000180022004 f i LIBCMT:std_type_info_static.obj
 0001:00021030       __isa_available_init       0000000180022030 f   LIBCMT:cpu_disp.obj
 0001:000211ac       __scrt_is_ucrt_dll_in_use  00000001800221ac f   LIBCMT:ucrt_detection.obj
 0001:000211c0       _purecall                  00000001800221c0 f   libvcruntime:purevirt.obj
 0001:000211dc       __C_specific_handler       00000001800221dc f   libvcruntime:riscchandler.obj
 0001:000213e8       __std_exception_copy       00000001800223e8 f   libvcruntime:std_exception.obj
 0001:00021478       __std_exception_destroy    0000000180022478 f   libvcruntime:std_exception.obj
 0001:000214a0       _CxxThrowException         00000001800224a0 f   libvcruntime:throw.obj
 0001:00021560       __std_type_info_destroy_list 0000000180022560 f   libvcruntime:std_type_info.obj
 0001:0002158c       __vcrt_initialize          000000018002258c f   libvcruntime:initialization.obj
 0001:000215b4       __vcrt_thread_attach       00000001800225b4 f   libvcruntime:initialization.obj
 0001:000215c8       __vcrt_thread_detach       00000001800225c8 f   libvcruntime:initialization.obj
 0001:000215dc       __vcrt_uninitialize        00000001800225dc f   libvcruntime:initialization.obj
 0001:000215f8       __vcrt_uninitialize_critical 00000001800225f8 f   libvcruntime:initialization.obj
 0001:00021620       memset_repmovs             0000000180022620 f   libvcruntime:memset.obj
 0001:00021640       memset                     0000000180022640 f   libvcruntime:memset.obj
 0001:000217e0       _NLG_Notify                00000001800227e0 f   libvcruntime:notify.obj
 0001:00021800       __NLG_Dispatch2            0000000180022800 f   libvcruntime:notify.obj
 0001:00021810       __NLG_Return2              0000000180022810 f   libvcruntime:notify.obj
 0001:00021814       __except_validate_context_record 0000000180022814 f   libvcruntime:jbcxrval.obj
 0001:0002184c       __DestructExceptionObject  000000018002284c f   libvcruntime:ehhelpers.obj
 0001:000218c0       ?_CallMemberFunction0@@YAXQEAX0@Z 00000001800228c0 f i libvcruntime:ehhelpers.obj
 0001:000218c4       __vcrt_freefls             00000001800228c4 f   libvcruntime:per_thread_data.obj
 0001:000218e4       __vcrt_freeptd             00000001800228e4 f   libvcruntime:per_thread_data.obj
 0001:00021934       __vcrt_getptd_noexit       0000000180022934 f   libvcruntime:per_thread_data.obj
 0001:000219f4       __vcrt_initialize_ptd      00000001800229f4 f   libvcruntime:per_thread_data.obj
 0001:00021a3c       __vcrt_uninitialize_ptd    0000000180022a3c f   libvcruntime:per_thread_data.obj
 0001:00021a60       __vcrt_initialize_locks    0000000180022a60 f   libvcruntime:locks.obj
 0001:00021aa8       __vcrt_uninitialize_locks  0000000180022aa8 f   libvcruntime:locks.obj
 0001:00021af0       memcpy_repmovs             0000000180022af0 f   libvcruntime:memcpy.obj
 0001:00021b10       memmove                    0000000180022b10 f   libvcruntime:memcpy.obj
 0001:00021b10       memcpy                     0000000180022b10 f   libvcruntime:memcpy.obj
 0001:00022044       __vcrt_FlsAlloc            0000000180023044 f   libvcruntime:winapi_downlevel.obj
 0001:0002208c       __vcrt_FlsFree             000000018002308c f   libvcruntime:winapi_downlevel.obj
 0001:000220d4       __vcrt_FlsGetValue         00000001800230d4 f   libvcruntime:winapi_downlevel.obj
 0001:0002211c       __vcrt_FlsSetValue         000000018002311c f   libvcruntime:winapi_downlevel.obj
 0001:00022170       __vcrt_InitializeCriticalSectionEx 0000000180023170 f   libvcruntime:winapi_downlevel.obj
 0001:000221f0       _CallSettingFrame          00000001800231f0 f   libvcruntime:handlers.obj
 0001:00022240       _CallSettingFrameEncoded   0000000180023240 f   libvcruntime:handlers.obj
 0001:000229a0       ??$ftprintf@PEAU_iobuf@@PEB_WAEBQEB_WAEBQEB_WAEBI@?$__crt_char_traits@_W@@SAH$$QEAPEAU_iobuf@@$$QEAPEB_WAEBQEB_W2AEBI@Z 00000001800239a0 f i libucrt:assert.obj
 0001:000229c8       _wassert                   00000001800239c8 f   libucrt:assert.obj
 0001:00022a3c       fwprintf                   0000000180023a3c f i libucrt:assert.obj
 0001:00022a80       swprintf                   0000000180023a80 f i libucrt:assert.obj
 0001:00022ad4       ??0_LocaleUpdate@@QEAA@QEAU__crt_locale_pointers@@@Z 0000000180023ad4 f i libucrt:stricmp.obj
 0001:00022b70       __ascii_stricmp            0000000180023b70 f   libucrt:stricmp.obj
 0001:00022bb0       _stricmp                   0000000180023bb0 f   libucrt:stricmp.obj
 0001:00022bf8       _stricmp_l                 0000000180023bf8 f   libucrt:stricmp.obj
 0001:00022cac       calloc                     0000000180023cac f   libucrt:calloc.obj
 0001:00022cb4       realloc                    0000000180023cb4 f   libucrt:realloc.obj
 0001:00022cbc       free                       0000000180023cbc f   libucrt:free.obj
 0001:00022cd0       malloc                     0000000180023cd0 f   libucrt:malloc.obj
 0001:00022d38       _tolower_l                 0000000180023d38 f   libucrt:tolower_toupper.obj
 0001:00022e78       tolower                    0000000180023e78 f   libucrt:tolower_toupper.obj
 0001:00022eb0       qsort                      0000000180023eb0 f   libucrt:qsort.obj
 0001:00023270       ldexp                      0000000180024270 f   libucrt:ldexp.obj
 0001:0002364c       __acrt_initialize_thread_local_exit_callback 000000018002464c f   libucrt:exit.obj
 0001:00023654       _cexit                     0000000180024654 f   libucrt:exit.obj
 0001:00023664       _exit                      0000000180024664 f   libucrt:exit.obj
 0001:00023670       _is_c_termination_complete 0000000180024670 f   libucrt:exit.obj
 0001:00023678       exit                       0000000180024678 f   libucrt:exit.obj
 0001:00023684       __acrt_initialize_new_handler 0000000180024684 f   libucrt:new_handler.obj
 0001:0002368c       _callnewh                  000000018002468c f   libucrt:new_handler.obj
 0001:000236bc       _query_new_handler         00000001800246bc f   libucrt:new_handler.obj
 0001:000236f0       _initterm                  00000001800246f0 f   libucrt:initterm.obj
 0001:00023754       _initterm_e                0000000180024754 f   libucrt:initterm.obj
 0001:00023794       _seh_filter_dll            0000000180024794 f   libucrt:exception_filter.obj
 0001:000237a8       _seh_filter_exe            00000001800247a8 f   libucrt:exception_filter.obj
 0001:00023af0       __acrt_allocate_buffer_for_argv 0000000180024af0 f   libucrt:argv_parsing.obj
 0001:00023b50       _configure_narrow_argv     0000000180024b50 f   libucrt:argv_parsing.obj
 0001:00023ec8       __dcrt_uninitialize_environments_nolock 0000000180024ec8 f   libucrt:environment_initialization.obj
 0001:00023f00       _initialize_narrow_environment 0000000180024f00 f   libucrt:environment_initialization.obj
 0001:0002405c       _execute_onexit_table      000000018002505c f   libucrt:onexit.obj
 0001:00024098       _initialize_onexit_table   0000000180025098 f   libucrt:onexit.obj
 0001:000240f8       __acrt_uninitialize_command_line 00000001800250f8 f   libucrt:argv_data.obj
 0001:000241f0       __acrt_initialize          00000001800251f0 f   libucrt:initialization.obj
 0001:00024204       __acrt_thread_attach       0000000180025204 f   libucrt:initialization.obj
 0001:00024218       __acrt_thread_detach       0000000180025218 f   libucrt:initialization.obj
 0001:00024228       __acrt_uninitialize        0000000180025228 f   libucrt:initialization.obj
 0001:00024260       __acrt_uninitialize_critical 0000000180025260 f   libucrt:initialization.obj
 0001:00024270       terminate                  0000000180025270 f   libucrt:terminate.obj
 0001:00024290       abort                      0000000180025290 f   libucrt:abort.obj
 0001:000242e8       strcpy_s                   00000001800252e8 f   libucrt:strcpy_s.obj
 0001:0002455c       ??$ensure_buffer_is_big_enough@D@formatting_buffer@__crt_stdio_output@@QEAA_N_K@Z 000000018002555c f i libucrt:output.obj
 0001:00024604       ??$ensure_buffer_is_big_enough@_W@formatting_buffer@__crt_stdio_output@@QEAA_N_K@Z 0000000180025604 f i libucrt:output.obj
 0001:000246b0       ??$is_wide_character_specifier@_W@__crt_stdio_output@@YA_N_K_WW4length_modifier@0@@Z 00000001800256b0 f i libucrt:output.obj
 0001:000246f0       ??$type_case_integer_parse_into_buffer@I@?$output_processor@_WV?$string_output_adapter@_W@__crt_stdio_output@@V?$standard_base@_WV?$string_output_adapter@_W@__crt_stdio_output@@@2@@__crt_stdio_output@@AEAAXII_N@Z 00000001800256f0 f i libucrt:output.obj
 0001:000246f0       ??$type_case_integer_parse_into_buffer@I@?$output_processor@_WV?$stream_output_adapter@_W@__crt_stdio_output@@V?$standard_base@_WV?$stream_output_adapter@_W@__crt_stdio_output@@@2@@__crt_stdio_output@@AEAAXII_N@Z 00000001800256f0 f i libucrt:output.obj
 0001:00024794       ??$type_case_integer_parse_into_buffer@_K@?$output_processor@_WV?$stream_output_adapter@_W@__crt_stdio_output@@V?$standard_base@_WV?$stream_output_adapter@_W@__crt_stdio_output@@@2@@__crt_stdio_output@@AEAAX_KI_N@Z 0000000180025794 f i libucrt:output.obj
 0001:00024794       ??$type_case_integer_parse_into_buffer@_K@?$output_processor@_WV?$string_output_adapter@_W@__crt_stdio_output@@V?$standard_base@_WV?$string_output_adapter@_W@__crt_stdio_output@@@2@@__crt_stdio_output@@AEAAX_KI_N@Z 0000000180025794 f i libucrt:output.obj
 0001:00024838       ??$write_multiple_characters@V?$stream_output_adapter@_W@__crt_stdio_output@@D@__crt_stdio_output@@YAXAEBV?$stream_output_adapter@_W@0@DHQEAH@Z 0000000180025838 f i libucrt:output.obj
 0001:000248cc       ??$write_multiple_characters@V?$string_output_adapter@_W@__crt_stdio_output@@D@__crt_stdio_output@@YAXAEBV?$string_output_adapter@_W@0@DHQEAH@Z 00000001800258cc f i libucrt:output.obj
 0001:00024a7c       ?crop_zeroes@__crt_stdio_output@@YAXPEADQEAU__crt_locale_pointers@@@Z 0000000180025a7c f i libucrt:output.obj
 0001:00024ae8       ?force_decimal_point@__crt_stdio_output@@YAXPEADQEAU__crt_locale_pointers@@@Z 0000000180025ae8 f i libucrt:output.obj
 0001:00024b58       ?parse_int_from_format_string@?$output_processor@_WV?$stream_output_adapter@_W@__crt_stdio_output@@V?$standard_base@_WV?$stream_output_adapter@_W@__crt_stdio_output@@@2@@__crt_stdio_output@@AEAA_NQEAH@Z 0000000180025b58 f i libucrt:output.obj
 0001:00024b58       ?parse_int_from_format_string@?$output_processor@_WV?$string_output_adapter@_W@__crt_stdio_output@@V?$standard_base@_WV?$string_output_adapter@_W@__crt_stdio_output@@@2@@__crt_stdio_output@@AEAA_NQEAH@Z 0000000180025b58 f i libucrt:output.obj
 0001:00024bfc       ?process@?$output_processor@_WV?$stream_output_adapter@_W@__crt_stdio_output@@V?$standard_base@_WV?$stream_output_adapter@_W@__crt_stdio_output@@@2@@__crt_stdio_output@@QEAAHXZ 0000000180025bfc f i libucrt:output.obj
 0001:00024e68       ?process@?$output_processor@_WV?$string_output_adapter@_W@__crt_stdio_output@@V?$standard_base@_WV?$string_output_adapter@_W@__crt_stdio_output@@@2@@__crt_stdio_output@@QEAAHXZ 0000000180025e68 f i libucrt:output.obj
 0001:000250e4       ?state_case_size@?$output_processor@_WV?$stream_output_adapter@_W@__crt_stdio_output@@V?$standard_base@_WV?$stream_output_adapter@_W@__crt_stdio_output@@@2@@__crt_stdio_output@@AEAA_NXZ 00000001800260e4 f i libucrt:output.obj
 0001:0002527c       ?state_case_size@?$output_processor@_WV?$string_output_adapter@_W@__crt_stdio_output@@V?$standard_base@_WV?$string_output_adapter@_W@__crt_stdio_output@@@2@@__crt_stdio_output@@AEAA_NXZ 000000018002627c f i libucrt:output.obj
 0001:00025414       ?state_case_type@?$output_processor@_WV?$stream_output_adapter@_W@__crt_stdio_output@@V?$standard_base@_WV?$stream_output_adapter@_W@__crt_stdio_output@@@2@@__crt_stdio_output@@AEAA_NXZ 0000000180026414 f i libucrt:output.obj
 0001:000256f4       ?state_case_type@?$output_processor@_WV?$string_output_adapter@_W@__crt_stdio_output@@V?$standard_base@_WV?$string_output_adapter@_W@__crt_stdio_output@@@2@@__crt_stdio_output@@AEAA_NXZ 00000001800266f4 f i libucrt:output.obj
 0001:000259c0       ?type_case_Z@?$output_processor@_WV?$string_output_adapter@_W@__crt_stdio_output@@V?$standard_base@_WV?$string_output_adapter@_W@__crt_stdio_output@@@2@@__crt_stdio_output@@AEAA_NXZ 00000001800269c0 f i libucrt:output.obj
 0001:000259c0       ?type_case_Z@?$output_processor@_WV?$stream_output_adapter@_W@__crt_stdio_output@@V?$standard_base@_WV?$stream_output_adapter@_W@__crt_stdio_output@@@2@@__crt_stdio_output@@AEAA_NXZ 00000001800269c0 f i libucrt:output.obj
 0001:00025a3c       ?type_case_a@?$output_processor@_WV?$string_output_adapter@_W@__crt_stdio_output@@V?$standard_base@_WV?$string_output_adapter@_W@__crt_stdio_output@@@2@@__crt_stdio_output@@AEAA_NXZ 0000000180026a3c f i libucrt:output.obj
 0001:00025a3c       ?type_case_a@?$output_processor@_WV?$stream_output_adapter@_W@__crt_stdio_output@@V?$standard_base@_WV?$stream_output_adapter@_W@__crt_stdio_output@@@2@@__crt_stdio_output@@AEAA_NXZ 0000000180026a3c f i libucrt:output.obj
 0001:00025c1c       ?type_case_c_tchar@?$output_processor@_WV?$string_output_adapter@_W@__crt_stdio_output@@V?$standard_base@_WV?$string_output_adapter@_W@__crt_stdio_output@@@2@@__crt_stdio_output@@AEAA_N_W@Z 0000000180026c1c f i libucrt:output.obj
 0001:00025c1c       ?type_case_c_tchar@?$output_processor@_WV?$stream_output_adapter@_W@__crt_stdio_output@@V?$standard_base@_WV?$stream_output_adapter@_W@__crt_stdio_output@@@2@@__crt_stdio_output@@AEAA_N_W@Z 0000000180026c1c f i libucrt:output.obj
 0001:00025cc4       ?type_case_integer@?$output_processor@_WV?$string_output_adapter@_W@__crt_stdio_output@@V?$standard_base@_WV?$string_output_adapter@_W@__crt_stdio_output@@@2@@__crt_stdio_output@@AEAA_NI_N@Z 0000000180026cc4 f i libucrt:output.obj
 0001:00025cc4       ?type_case_integer@?$output_processor@_WV?$stream_output_adapter@_W@__crt_stdio_output@@V?$standard_base@_WV?$stream_output_adapter@_W@__crt_stdio_output@@@2@@__crt_stdio_output@@AEAA_NI_N@Z 0000000180026cc4 f i libucrt:output.obj
 0001:00025e90       ?type_case_n@?$output_processor@_WV?$stream_output_adapter@_W@__crt_stdio_output@@V?$standard_base@_WV?$stream_output_adapter@_W@__crt_stdio_output@@@2@@__crt_stdio_output@@AEAA_NXZ 0000000180026e90 f i libucrt:output.obj
 0001:00025e90       ?type_case_n@?$output_processor@_WV?$string_output_adapter@_W@__crt_stdio_output@@V?$standard_base@_WV?$string_output_adapter@_W@__crt_stdio_output@@@2@@__crt_stdio_output@@AEAA_NXZ 0000000180026e90 f i libucrt:output.obj
 0001:00025f6c       ?type_case_s@?$output_processor@_WV?$stream_output_adapter@_W@__crt_stdio_output@@V?$standard_base@_WV?$stream_output_adapter@_W@__crt_stdio_output@@@2@@__crt_stdio_output@@AEAA_NXZ 0000000180026f6c f i libucrt:output.obj
 0001:00025f6c       ?type_case_s@?$output_processor@_WV?$string_output_adapter@_W@__crt_stdio_output@@V?$standard_base@_WV?$string_output_adapter@_W@__crt_stdio_output@@@2@@__crt_stdio_output@@AEAA_NXZ 0000000180026f6c f i libucrt:output.obj
 0001:00026034       ?write_stored_string_tchar@?$output_processor@_WV?$stream_output_adapter@_W@__crt_stdio_output@@V?$standard_base@_WV?$stream_output_adapter@_W@__crt_stdio_output@@@2@@__crt_stdio_output@@AEAA_N_W@Z 0000000180027034 f i libucrt:output.obj
 0001:0002613c       ?write_stored_string_tchar@?$output_processor@_WV?$string_output_adapter@_W@__crt_stdio_output@@V?$standard_base@_WV?$string_output_adapter@_W@__crt_stdio_output@@@2@@__crt_stdio_output@@AEAA_N_W@Z 000000018002713c f i libucrt:output.obj
 0001:00026228       ?write_string@?$string_output_adapter@_W@__crt_stdio_output@@QEBAXQEB_WHQEAHAEAV__crt_deferred_errno_cache@@@Z 0000000180027228 f i libucrt:output.obj
 0001:000262d0       ?write_string_impl@?$output_adapter_common@_WV?$stream_output_adapter@_W@__crt_stdio_output@@@__crt_stdio_output@@IEBAXQEB_WHQEAHAEAV__crt_deferred_errno_cache@@@Z 00000001800272d0 f i libucrt:output.obj
 0001:000263d4       __stdio_common_vfwprintf   00000001800273d4 f   libucrt:output.obj
 0001:00026460       __stdio_common_vswprintf   0000000180027460 f   libucrt:output.obj
 0001:00026468       ??$parse_integer@KV?$c_string_character_source@_W@__crt_strtox@@@__crt_strtox@@YAKQEAU__crt_locale_pointers@@V?$c_string_character_source@_W@0@H_N@Z 0000000180027468 f i libucrt:atox.obj
 0001:00026b30       strncmp                    0000000180027b30 f   libucrt:strncmp.obj
 0001:00026bb0       wcsncmp                    0000000180027bb0 f   libucrt:wcsncmp.obj
 0001:00026bdc       __acrt_call_reportfault    0000000180027bdc f   libucrt:invalid_parameter.obj
 0001:00026d38       __acrt_initialize_invalid_parameter_handler 0000000180027d38 f   libucrt:invalid_parameter.obj
 0001:00026d40       _invalid_parameter         0000000180027d40 f   libucrt:invalid_parameter.obj
 0001:00026df0       _invalid_parameter_noinfo  0000000180027df0 f   libucrt:invalid_parameter.obj
 0001:00026e10       _invoke_watson             0000000180027e10 f   libucrt:invalid_parameter.obj
 0001:00026e58       _query_app_type            0000000180027e58 f   libucrt:report_runtime_error.obj
 0001:00026e60       __acrt_errno_from_os_error 0000000180027e60 f   libucrt:errno.obj
 0001:00026ea8       __acrt_errno_map_os_error  0000000180027ea8 f   libucrt:errno.obj
 0001:00026ef8       __doserrno                 0000000180027ef8 f   libucrt:errno.obj
 0001:00026f18       _errno                     0000000180027f18 f   libucrt:errno.obj
 0001:00027078       _itow_s                    0000000180028078 f   libucrt:xtoa.obj
 0001:00027098       _set_error_mode            0000000180028098 f   libucrt:set_error_mode.obj
 0001:000270d8       wcscat_s                   00000001800280d8 f   libucrt:wcscat_s.obj
 0001:00027158       wcscpy_s                   0000000180028158 f   libucrt:wcscpy_s.obj
 0001:000271c0       wcsncat_s                  00000001800281c0 f   libucrt:wcsncat_s.obj
 0001:000272c0       ??$__acrt_wcs_to_mbs_cp@U__crt_win32_buffer_no_resizing@@@@YAHQEB_WAEAV?$__crt_win32_buffer@DU__crt_win32_buffer_no_resizing@@@@I@Z 00000001800282c0 f i libucrt:getmodulefilenamea.obj
 0001:000273d4       __acrt_GetModuleFileNameA  00000001800283d4 f   libucrt:getmodulefilenamea.obj
 0001:000274f4       __acrt_show_wide_message_box 00000001800284f4 f   libucrt:crtmbox.obj
 0001:00027598       __acrt_initialize_stdio    0000000180028598 f   libucrt:_file.obj
 0001:000276b8       __acrt_iob_func            00000001800286b8 f   libucrt:_file.obj
 0001:000276cc       __acrt_uninitialize_stdio  00000001800286cc f   libucrt:_file.obj
 0001:00027728       _lock_file                 0000000180028728 f   libucrt:_file.obj
 0001:00027734       _unlock_file               0000000180028734 f   libucrt:_file.obj
 0001:0002795c       __acrt_stdio_flush_nolock  000000018002895c f   libucrt:fflush.obj
 0001:000279d8       _fflush_nolock             00000001800289d8 f   libucrt:fflush.obj
 0001:00027a24       _flushall                  0000000180028a24 f   libucrt:fflush.obj
 0001:00027a2c       fflush                     0000000180028a2c f   libucrt:fflush.obj
 0001:00027bb4       setvbuf                    0000000180028bb4 f   libucrt:setvbuf.obj
 0001:00027c98       __acrt_get_sigabrt_handler 0000000180028c98 f   libucrt:signal.obj
 0001:00027cc8       __acrt_initialize_signal_handlers 0000000180028cc8 f   libucrt:signal.obj
 0001:00027ce8       raise                      0000000180028ce8 f   libucrt:signal.obj
 0001:000282cc       __acrt_freeptd             00000001800292cc f   libucrt:per_thread_data.obj
 0001:00028310       __acrt_getptd              0000000180029310 f   libucrt:per_thread_data.obj
 0001:000283e4       __acrt_getptd_head         00000001800293e4 f   libucrt:per_thread_data.obj
 0001:0002848c       __acrt_getptd_noexit       000000018002948c f   libucrt:per_thread_data.obj
 0001:00028558       __acrt_initialize_ptd      0000000180029558 f   libucrt:per_thread_data.obj
 0001:00028594       __acrt_uninitialize_ptd    0000000180029594 f   libucrt:per_thread_data.obj
 0001:000285b8       __acrt_update_locale_info  00000001800295b8 f   libucrt:locale_update.obj
 0001:000285ec       __acrt_update_multibyte_info 00000001800295ec f   libucrt:locale_update.obj
 0001:00028690       __acrt_set_locale_changed  0000000180029690 f   libucrt:wsetlocale.obj
 0001:0002869c       __acrt_uninitialize_locale 000000018002969c f   libucrt:wsetlocale.obj
 0001:000286cc       _calloc_base               00000001800296cc f   libucrt:calloc_base.obj
 0001:00028744       _realloc_base              0000000180029744 f   libucrt:realloc_base.obj
 0001:000287c0       _free_base                 00000001800297c0 f   libucrt:free_base.obj
 0001:00028800       _malloc_base               0000000180029800 f   libucrt:malloc_base.obj
 0001:00028860       __pctype_func              0000000180029860 f   libucrt:ctype.obj
 0001:00028890       _isleadbyte_l              0000000180029890 f i libucrt:_wctype.obj
 0001:000288dc       _isctype_l                 00000001800298dc f   libucrt:isctype.obj
 0001:00028d04       __acrt_LCMapStringA        0000000180029d04 f   libucrt:lcmapstringa.obj
 0001:00028d9c       _copysign                  0000000180029d9c f   libucrt:_copysign.obj
 0001:00028dd0       _decomp                    0000000180029dd0 f   libucrt:util.obj
 0001:00028f08       _set_exp                   0000000180029f08 f   libucrt:util.obj
 0001:00028f40       _sptype                    0000000180029f40 f   libucrt:util.obj
 0001:00028fb4       _errcode                   0000000180029fb4 f   libucrt:fpexcept.obj
 0001:00028ff8       _except2                   0000000180029ff8 f   libucrt:fpexcept.obj
 0001:00029100       _handle_exc                000000018002a100 f   libucrt:fpexcept.obj
 0001:00029368       _handle_qnan2              000000018002a368 f   libucrt:fpexcept.obj
 0001:00029370       _raise_exc                 000000018002a370 f   libucrt:fpexcept.obj
 0001:00029398       _raise_exc_ex              000000018002a398 f   libucrt:fpexcept.obj
 0001:000296a8       _set_errno_from_matherr    000000018002a6a8 f   libucrt:fpexcept.obj
 0001:000296d8       _umatherr                  000000018002a6d8 f   libucrt:fpexcept.obj
 0001:000297ac       _clrfp                     000000018002a7ac f   libucrt:fpctrl.obj
 0001:000297cc       _ctrlfp                    000000018002a7cc f   libucrt:fpctrl.obj
 0001:00029848       _set_statfp                000000018002a848 f   libucrt:fpctrl.obj
 0001:00029868       _statfp                    000000018002a868 f   libucrt:fpctrl.obj
 0001:0002987c       __acrt_initialize_locks    000000018002a87c f   libucrt:locks.obj
 0001:000298c4       __acrt_lock                000000018002a8c4 f   libucrt:locks.obj
 0001:000298e0       __acrt_uninitialize_locks  000000018002a8e0 f   libucrt:locks.obj
 0001:00029918       __acrt_unlock              000000018002a918 f   libucrt:locks.obj
 0001:00029934       __acrt_get_developer_information_policy 000000018002a934 f   libucrt:win_policies.obj
 0001:00029988       __acrt_get_process_end_policy 000000018002a988 f   libucrt:win_policies.obj
 0001:000299c4       __acrt_get_windowing_model_policy 000000018002a9c4 f   libucrt:win_policies.obj
 0001:00029a44       ??$__acrt_mbs_to_wcs_cp@U__crt_win32_buffer_internal_dynamic_resizing@@@@YAHQEBDAEAV?$__crt_win32_buffer@_WU__crt_win32_buffer_internal_dynamic_resizing@@@@I@Z 000000018002aa44 f i libucrt:argv_wildcards.obj
 0001:00029bbc       ??$__acrt_wcs_to_mbs_cp@U__crt_win32_buffer_internal_dynamic_resizing@@@@YAHQEB_WAEAV?$__crt_win32_buffer@DU__crt_win32_buffer_internal_dynamic_resizing@@@@I@Z 000000018002abbc f i libucrt:argv_wildcards.obj
 0001:0002a3ec       __acrt_expand_narrow_argv_wildcards 000000018002b3ec f   libucrt:argv_wildcards.obj
 0001:0002ab20       __acrt_initialize_multibyte 000000018002bb20 f   libucrt:mbctype.obj
 0001:0002ab80       __acrt_update_thread_multibyte_data 000000018002bb80 f   libucrt:mbctype.obj
 0001:0002ab9c       _setmbcp_nolock            000000018002bb9c f   libucrt:mbctype.obj
 0001:0002aed0       _ismbblead                 000000018002bed0 f   libucrt:ismbbyte.obj
 0001:0002aee4       __acrt_initialize_command_line 000000018002bee4 f   libucrt:argv_data.obj
 0001:0002af0c       __acrt_MultiByteToWideChar 000000018002bf0c f   libucrt:multibytetowidechar.obj
 0001:0002af68       __acrt_WideCharToMultiByte 000000018002bf68 f   libucrt:widechartomultibyte.obj
 0001:0002b000       __dcrt_get_narrow_environment_from_os 000000018002c000 f   libucrt:get_environment_from_os.obj
 0001:0002b104       _recalloc_base             000000018002c104 f   libucrt:recalloc.obj
 0001:0002b374       __acrt_AppPolicyGetProcessTerminationMethodInternal 000000018002c374 f   libucrt:winapi_thunks.obj
 0001:0002b3c4       __acrt_AppPolicyGetShowDeveloperDiagnosticInternal 000000018002c3c4 f   libucrt:winapi_thunks.obj
 0001:0002b414       __acrt_AppPolicyGetWindowingModelInternal 000000018002c414 f   libucrt:winapi_thunks.obj
 0001:0002b464       __acrt_AreFileApisANSI     000000018002c464 f   libucrt:winapi_thunks.obj
 0001:0002b4a0       __acrt_FlsAlloc            000000018002c4a0 f   libucrt:winapi_thunks.obj
 0001:0002b4e8       __acrt_FlsFree             000000018002c4e8 f   libucrt:winapi_thunks.obj
 0001:0002b530       __acrt_FlsGetValue         000000018002c530 f   libucrt:winapi_thunks.obj
 0001:0002b578       __acrt_FlsSetValue         000000018002c578 f   libucrt:winapi_thunks.obj
 0001:0002b5cc       __acrt_InitializeCriticalSectionEx 000000018002c5cc f   libucrt:winapi_thunks.obj
 0001:0002b630       __acrt_LCMapStringEx       000000018002c630 f   libucrt:winapi_thunks.obj
 0001:0002b70c       __acrt_LocaleNameToLCID    000000018002c70c f   libucrt:winapi_thunks.obj
 0001:0002b75c       __acrt_MessageBoxW         000000018002c75c f   libucrt:winapi_thunks.obj
 0001:0002b7d0       __acrt_can_show_message_box 000000018002c7d0 f   libucrt:winapi_thunks.obj
 0001:0002b840       __acrt_get_parent_window   000000018002c840 f   libucrt:winapi_thunks.obj
 0001:0002b8b8       __acrt_initialize_winapi_thunks 000000018002c8b8 f   libucrt:winapi_thunks.obj
 0001:0002b8ec       __acrt_is_interactive      000000018002c8ec f   libucrt:winapi_thunks.obj
 0001:0002b9b4       __acrt_uninitialize_winapi_thunks 000000018002c9b4 f   libucrt:winapi_thunks.obj
 0001:0002b9f8       __acrt_initialize_heap     000000018002c9f8 f   libucrt:heap_handle.obj
 0001:0002ba14       __acrt_uninitialize_heap   000000018002ca14 f   libucrt:heap_handle.obj
 0001:0002bc1c       __acrt_initialize_lowio    000000018002cc1c f   libucrt:ioinit.obj
 0001:0002bc58       __acrt_uninitialize_lowio  000000018002cc58 f   libucrt:ioinit.obj
 0001:0002bc98       __acrt_execute_initializers 000000018002cc98 f   libucrt:shared_initialization.obj
 0001:0002bd18       __acrt_execute_uninitializers 000000018002cd18 f   libucrt:shared_initialization.obj
 0001:0002bd54       __acrt_has_user_matherr    000000018002cd54 f   libucrt:matherr.obj
 0001:0002bd74       __acrt_initialize_user_matherr 000000018002cd74 f   libucrt:matherr.obj
 0001:0002bd7c       __acrt_invoke_user_matherr 000000018002cd7c f   libucrt:matherr.obj
 0001:0002bdac       __acrt_stdio_begin_temporary_buffering_nolock 000000018002cdac f   libucrt:_sftbuf.obj
 0001:0002be7c       __acrt_stdio_end_temporary_buffering_nolock 000000018002ce7c f   libucrt:_sftbuf.obj
 0001:0002beb8       isdigit                    000000018002ceb8 f i libucrt:_ctype.obj
 0001:0002bf4c       wcstol                     000000018002cf4c f   libucrt:strtox.obj
 0001:0002bf78       _mbtowc_l                  000000018002cf78 f   libucrt:mbtowc.obj
 0001:0002c0f4       mbtowc                     000000018002d0f4 f   libucrt:mbtowc.obj
 0001:0002c0fc       _wctomb_s_l                000000018002d0fc f   libucrt:wctomb.obj
 0001:0002c29c       wctomb_s                   000000018002d29c f   libucrt:wctomb.obj
 0001:0002c2b0       wcsnlen                    000000018002d2b0 f   libucrt:strnlen.obj
 0001:0002ce5c       __acrt_fp_format           000000018002de5c f   libucrt:cvt.obj
 0001:0002d0e4       _fputwc_nolock             000000018002e0e4 f   libucrt:fputwc.obj
 0001:0002d260       _fileno                    000000018002e260 f   libucrt:fileno.obj
 0001:0002d288       _fputc_nolock              000000018002e288 f   libucrt:fputc.obj
 0001:0002d2a0       _get_printf_count_output   000000018002e2a0 f   libucrt:printf_count_output.obj
 0001:0002d2b8       iswctype                   000000018002e2b8 f   libucrt:iswctype.obj
 0001:0002d328       _fcloseall                 000000018002e328 f   libucrt:closeall.obj
 0001:0002d3dc       __acrt_stdio_free_buffer_nolock 000000018002e3dc f   libucrt:_freebuf.obj
 0001:0002d4a8       _commit                    000000018002e4a8 f   libucrt:commit.obj
 0001:0002dda8       _write                     000000018002eda8 f   libucrt:write.obj
 0001:0002de94       _write_nolock              000000018002ee94 f   libucrt:write.obj
 0001:0002e170       __acrt_add_locale_ref      000000018002f170 f   libucrt:locale_refcounting.obj
 0001:0002e1fc       __acrt_free_locale         000000018002f1fc f   libucrt:locale_refcounting.obj
 0001:0002e374       __acrt_locale_add_lc_time_reference 000000018002f374 f   libucrt:locale_refcounting.obj
 0001:0002e39c       __acrt_locale_free_lc_time_if_unreferenced 000000018002f39c f   libucrt:locale_refcounting.obj
 0001:0002e3d4       __acrt_locale_release_lc_time_reference 000000018002f3d4 f   libucrt:locale_refcounting.obj
 0001:0002e3fc       __acrt_release_locale_ref  000000018002f3fc f   libucrt:locale_refcounting.obj
 0001:0002e4a4       __acrt_update_thread_locale_data 000000018002f4a4 f   libucrt:locale_refcounting.obj
 0001:0002e514       _updatetlocinfoEx_nolock   000000018002f514 f   libucrt:locale_refcounting.obj
 0001:0002e57c       __acrt_locale_free_monetary 000000018002f57c f   libucrt:initmon.obj
 0001:0002e688       __acrt_locale_free_numeric 000000018002f688 f   libucrt:initnum.obj
 0001:0002e74c       __acrt_locale_free_time    000000018002f74c f   libucrt:inittime.obj
 0001:0002e854       __acrt_GetStringTypeA      000000018002f854 f   libucrt:getstringtypea.obj
 0001:0002e9e4       _query_new_mode            000000018002f9e4 f   libucrt:new_mode.obj
 0001:0002e9ec       __strncnt                  000000018002f9ec f   libucrt:strncnt.obj
 0001:0002ea20       _get_fpsr                  000000018002fa20 f   libucrt:fpsr.obj
 0001:0002ea30       _set_fpsr                  000000018002fa30 f   libucrt:fpsr.obj
 0001:0002ea3a       _fclrf                     000000018002fa3a f   libucrt:fpsr.obj
 0001:0002ea4e       _frnd                      000000018002fa4e f   libucrt:fpsr.obj
 0001:0002ea70       strncpy_s                  000000018002fa70 f   libucrt:strncpy_s.obj
 0001:0002ebf0       strpbrk                    000000018002fbf0 f   libucrt:strpbrk.obj
 0001:0002efd0       _mbsdec                    000000018002ffd0 f   libucrt:mbsdec.obj
 0001:0002efd8       _mbsdec_l                  000000018002ffd8 f   libucrt:mbsdec.obj
 0001:0002f084       _msize_base                0000000180030084 f   libucrt:msize.obj
 0001:0002f1a8       __acrt_DownlevelLocaleNameToLCID 00000001800301a8 f   libucrt:lcidtoname_downlevel.obj
 0001:0002f1dc       __acrt_lowio_create_handle_array 00000001800301dc f   libucrt:osfinfo.obj
 0001:0002f284       __acrt_lowio_destroy_handle_array 0000000180030284 f   libucrt:osfinfo.obj
 0001:0002f2d4       __acrt_lowio_ensure_fh_exists 00000001800302d4 f   libucrt:osfinfo.obj
 0001:0002f37c       __acrt_lowio_lock_fh       000000018003037c f   libucrt:osfinfo.obj
 0001:0002f3a4       __acrt_lowio_unlock_fh     00000001800303a4 f   libucrt:osfinfo.obj
 0001:0002f3cc       _free_osfhnd               00000001800303cc f   libucrt:osfinfo.obj
 0001:0002f488       _get_osfhandle             0000000180030488 f   libucrt:osfinfo.obj
 0001:0002f500       _isatty                    0000000180030500 f   libucrt:isatty.obj
 0001:0002f560       ?__mbrtowc_utf8@__crt_mbstring@@YA_KPEA_WPEBD_KPEAU_Mbstatet@@@Z 0000000180030560 f   libucrt:mbrtowc.obj
 0001:0002f59c       ?__mbsrtowcs_utf8@__crt_mbstring@@YA_KPEA_WPEAPEBD_KPEAU_Mbstatet@@@Z 000000018003059c f   libucrt:mbrtowc.obj
 0001:0002f714       ?__c32rtomb_utf8@__crt_mbstring@@YA_KPEAD_UPEAU_Mbstatet@@@Z 0000000180030714 f   libucrt:c32rtomb.obj
 0001:0002f7cc       __acrt_fp_strflt_to_string 00000001800307cc f   libucrt:_fptostr.obj
 0001:0002f8b0       ?divide@__crt_strtox@@YA_KAEAUbig_integer@1@AEBU21@@Z 00000001800308b0 f i libucrt:cfout.obj
 0001:0002fcdc       __acrt_fltout              0000000180030cdc f   libucrt:cfout.obj
 0001:000311dc       __acrt_stdio_flush_and_write_narrow_nolock 00000001800321dc f   libucrt:_flsbuf.obj
 0001:000312c8       __acrt_stdio_flush_and_write_wide_nolock 00000001800322c8 f   libucrt:_flsbuf.obj
 0001:000313b4       __acrt_GetStringTypeW      00000001800323b4 f   libucrt:getstringtypew.obj
 0001:000313bc       _fclose_nolock             00000001800323bc f   libucrt:fclose.obj
 0001:00031440       fclose                     0000000180032440 f   libucrt:fclose.obj
 0001:00031630       _lseeki64                  0000000180032630 f   libucrt:lseek.obj
 0001:00031638       _lseeki64_nolock           0000000180032638 f   libucrt:lseek.obj
 0001:00031640       _putwch_nolock             0000000180032640 f   libucrt:putwch.obj
 0001:0003167c       ?__mbrtoc32_utf8@__crt_mbstring@@YA_KPEA_UPEBD_KPEAU_Mbstatet@@@Z 000000018003267c f   libucrt:mbrtoc32.obj
 0001:00031858       fegetenv                   0000000180032858 f   libucrt:fegetenv.obj
 0001:00031878       fesetenv                   0000000180032878 f   libucrt:fesetenv.obj
 0001:000318c8       feholdexcept               00000001800328c8 f   libucrt:feholdexcept.obj
 0001:00031918       ceil                       0000000180032918 f   libucrt:ceil.obj
 0001:000319e0       log10                      00000001800329e0 f   libucrt:log10.obj
 0001:00031f8c       __acrt_stdio_allocate_buffer_nolock 0000000180032f8c f   libucrt:_getbuf.obj
 0001:00032068       _close                     0000000180033068 f   libucrt:close.obj
 0001:0003210c       _close_nolock              000000018003310c f   libucrt:close.obj
 0001:000321cc       ?__acrt_stdio_free_stream@@YAXV__crt_stdio_stream@@@Z 00000001800331cc f   libucrt:stream.obj
 0001:000321e8       __dcrt_lowio_ensure_console_output_initialized 00000001800331e8 f   libucrt:initcon.obj
 0001:0003223c       __dcrt_terminate_console_output 000000018003323c f   libucrt:initcon.obj
 0001:00032258       __dcrt_write_console       0000000180033258 f   libucrt:initcon.obj
 0001:00032318       __acrt_fenv_get_control    0000000180033318 f   libucrt:_fenvutils.obj
 0001:0003240c       __acrt_fenv_get_status     000000018003340c f   libucrt:_fenvutils.obj
 0001:00032460       __acrt_fenv_set_control    0000000180033460 f   libucrt:_fenvutils.obj
 0001:000325a8       __acrt_fenv_set_status     00000001800335a8 f   libucrt:_fenvutils.obj
 0001:0003262c       _clearfp                   000000018003362c f   libucrt:ieee.obj
 0001:000327c0       _handle_error              00000001800337c0 f   libucrt:libm_error.obj
 0001:000328e8       _handle_nan                00000001800338e8 f   libucrt:libm_error.obj
 0001:00032910       __acrt_initialize_fma3     0000000180033910 f   libucrt:fma3_available.obj
 0001:00032980       _log10_special             0000000180033980 f   libucrt:log_special.obj
 0001:000329a0       _log_special               00000001800339a0 f   libucrt:log_special.obj
 0001:00032a56       IsProcessorFeaturePresent  0000000180033a56 f   kernel32:KERNEL32.dll
 0001:00032a5c       ?DloadAcquireSectionWriteAccess@@YAXXZ 0000000180033a5c f i DelayImp:delayhlp.obj
 0001:00032b08       ?DloadGetSRWLockFunctionPointers@@YAEXZ 0000000180033b08 f i DelayImp:delayhlp.obj
 0001:00032ba4       ?DloadMakePermanentImageCommit@@YAXPEAX_K@Z 0000000180033ba4 f i DelayImp:delayhlp.obj
 0001:00032c3c       ?DloadObtainSection@@YAPEAXPEAK0@Z 0000000180033c3c f i DelayImp:delayhlp.obj
 0001:00032cd8       ?DloadProtectSection@@YAXKPEAK@Z 0000000180033cd8 f i DelayImp:delayhlp.obj
 0001:00032d68       ?DloadReleaseSectionWriteAccess@@YAXXZ 0000000180033d68 f i DelayImp:delayhlp.obj
 0001:00032dfc       __delayLoadHelper2         0000000180033dfc f   DelayImp:delayhlp.obj
 0001:000330e0       _FindPESection             00000001800340e0 f   LIBCMT:pesect.obj
 0001:00033130       _IsNonwritableInCurrentImage 0000000180034130 f   LIBCMT:pesect.obj
 0001:00033180       _ValidateImageBase         0000000180034180 f   LIBCMT:pesect.obj
 0001:000331b0       __GSHandlerCheck           00000001800341b0 f   LIBCMT:gshandler.obj
 0001:000331d0       __GSHandlerCheckCommon     00000001800341d0 f   LIBCMT:gshandler.obj
 0001:00033240       __chkstk                   0000000180034240 f   LIBCMT:chkstk.obj
 0001:00033240       _alloca_probe              0000000180034240 f   LIBCMT:chkstk.obj
 0001:000332b0       memcmp                     00000001800342b0 f   libvcruntime:memcmp.obj
 0001:00033378       strrchr                    0000000180034378 f   libvcruntime:strrchr.obj
 0001:000334a8       atan                       00000001800344a8 f   libucrt:atan.obj
 0001:000336c0       cos                        00000001800346c0 f   libucrt:cos.obj
 0001:00033c40       exp                        0000000180034c40 f   libucrt:exp.obj
 0001:00034038       floor                      0000000180035038 f   libucrt:floor.obj
 0001:000340f0       log                        00000001800350f0 f   libucrt:log.obj
 0001:00034620       pow                        0000000180035620 f   libucrt:pow.obj
 0001:00035cc0       sin                        0000000180036cc0 f   libucrt:sin.obj
 0001:0003622c       sqrt                       000000018003722c f   libucrt:sqrt.obj
 0001:00036300       __remainder_piby2_forAsm   0000000180037300 f   libucrt:remainder_piby2_forasm.obj
 0001:00036510       __remainder_piby2_cw_forAsm 0000000180037510 f   libucrt:remainder_piby2_forasm.obj
 0001:00036650       __remainder_piby2_fma3     0000000180037650 f   libucrt:remainder_piby2_forfma3.obj
 0001:00036840       __remainder_piby2_fma3_bdl 0000000180037840 f   libucrt:remainder_piby2_forfma3.obj
 0001:000368b8       _cos_special               00000001800378b8 f   libucrt:sincos_special.obj
 0001:000368cc       _sin_special               00000001800378cc f   libucrt:sincos_special.obj
 0001:00036990       _exp_special               0000000180037990 f   libucrt:exp_special.obj
 0001:00036a30       _pow_special               0000000180037a30 f   libucrt:pow_special.obj
 0001:00036b70       _guard_dispatch_icall_nop  0000000180037b70 f   LIBCMT:guard_dispatch.obj
 0002:00000000       __imp_GetModuleHandleA     0000000180038000     kernel32:KERNEL32.dll
 0002:00000008       __imp_LoadLibraryExA       0000000180038008     kernel32:KERNEL32.dll
 0002:00000010       __imp_RtlCaptureContext    0000000180038010     kernel32:KERNEL32.dll
 0002:00000018       __imp_RtlLookupFunctionEntry 0000000180038018     kernel32:KERNEL32.dll
 0002:00000020       __imp_RtlVirtualUnwind     0000000180038020     kernel32:KERNEL32.dll
 0002:00000028       __imp_UnhandledExceptionFilter 0000000180038028     kernel32:KERNEL32.dll
 0002:00000030       __imp_SetUnhandledExceptionFilter 0000000180038030     kernel32:KERNEL32.dll
 0002:00000038       __imp_GetCurrentProcess    0000000180038038     kernel32:KERNEL32.dll
 0002:00000040       __imp_TerminateProcess     0000000180038040     kernel32:KERNEL32.dll
 0002:00000048       __imp_IsProcessorFeaturePresent 0000000180038048     kernel32:KERNEL32.dll
 0002:00000050       __imp_QueryPerformanceCounter 0000000180038050     kernel32:KERNEL32.dll
 0002:00000058       __imp_GetCurrentProcessId  0000000180038058     kernel32:KERNEL32.dll
 0002:00000060       __imp_GetCurrentThreadId   0000000180038060     kernel32:KERNEL32.dll
 0002:00000068       __imp_GetSystemTimeAsFileTime 0000000180038068     kernel32:KERNEL32.dll
 0002:00000070       __imp_InitializeSListHead  0000000180038070     kernel32:KERNEL32.dll
 0002:00000078       __imp_IsDebuggerPresent    0000000180038078     kernel32:KERNEL32.dll
 0002:00000080       __imp_GetStartupInfoW      0000000180038080     kernel32:KERNEL32.dll
 0002:00000088       __imp_GetModuleHandleW     0000000180038088     kernel32:KERNEL32.dll
 0002:00000090       __imp_RtlUnwindEx          0000000180038090     kernel32:KERNEL32.dll
 0002:00000098       __imp_RtlPcToFileHeader    0000000180038098     kernel32:KERNEL32.dll
 0002:000000a0       __imp_RaiseException       00000001800380a0     kernel32:KERNEL32.dll
 0002:000000a8       __imp_InterlockedFlushSList 00000001800380a8     kernel32:KERNEL32.dll
 0002:000000b0       __imp_GetLastError         00000001800380b0     kernel32:KERNEL32.dll
 0002:000000b8       __imp_SetLastError         00000001800380b8     kernel32:KERNEL32.dll
 0002:000000c0       __imp_EnterCriticalSection 00000001800380c0     kernel32:KERNEL32.dll
 0002:000000c8       __imp_LeaveCriticalSection 00000001800380c8     kernel32:KERNEL32.dll
 0002:000000d0       __imp_DeleteCriticalSection 00000001800380d0     kernel32:KERNEL32.dll
 0002:000000d8       __imp_InitializeCriticalSectionAndSpinCount 00000001800380d8     kernel32:KERNEL32.dll
 0002:000000e0       __imp_TlsAlloc             00000001800380e0     kernel32:KERNEL32.dll
 0002:000000e8       __imp_TlsGetValue          00000001800380e8     kernel32:KERNEL32.dll
 0002:000000f0       __imp_TlsSetValue          00000001800380f0     kernel32:KERNEL32.dll
 0002:000000f8       __imp_TlsFree              00000001800380f8     kernel32:KERNEL32.dll
 0002:00000100       __imp_FreeLibrary          0000000180038100     kernel32:KERNEL32.dll
 0002:00000108       __imp_GetProcAddress       0000000180038108     kernel32:KERNEL32.dll
 0002:00000110       __imp_LoadLibraryExW       0000000180038110     kernel32:KERNEL32.dll
 0002:00000118       __imp_GetStdHandle         0000000180038118     kernel32:KERNEL32.dll
 0002:00000120       __imp_GetFileType          0000000180038120     kernel32:KERNEL32.dll
 0002:00000128       __imp_GetModuleFileNameW   0000000180038128     kernel32:KERNEL32.dll
 0002:00000130       __imp_GetModuleHandleExW   0000000180038130     kernel32:KERNEL32.dll
 0002:00000138       __imp_WriteConsoleW        0000000180038138     kernel32:KERNEL32.dll
 0002:00000140       __imp_ExitProcess          0000000180038140     kernel32:KERNEL32.dll
 0002:00000148       __imp_WriteFile            0000000180038148     kernel32:KERNEL32.dll
 0002:00000150       __imp_OutputDebugStringW   0000000180038150     kernel32:KERNEL32.dll
 0002:00000158       __imp_HeapAlloc            0000000180038158     kernel32:KERNEL32.dll
 0002:00000160       __imp_HeapReAlloc          0000000180038160     kernel32:KERNEL32.dll
 0002:00000168       __imp_HeapFree             0000000180038168     kernel32:KERNEL32.dll
 0002:00000170       __imp_FindClose            0000000180038170     kernel32:KERNEL32.dll
 0002:00000178       __imp_FindFirstFileExW     0000000180038178     kernel32:KERNEL32.dll
 0002:00000180       __imp_FindNextFileW        0000000180038180     kernel32:KERNEL32.dll
 0002:00000188       __imp_IsValidCodePage      0000000180038188     kernel32:KERNEL32.dll
 0002:00000190       __imp_GetACP               0000000180038190     kernel32:KERNEL32.dll
 0002:00000198       __imp_GetOEMCP             0000000180038198     kernel32:KERNEL32.dll
 0002:000001a0       __imp_GetCPInfo            00000001800381a0     kernel32:KERNEL32.dll
 0002:000001a8       __imp_GetCommandLineA      00000001800381a8     kernel32:KERNEL32.dll
 0002:000001b0       __imp_GetCommandLineW      00000001800381b0     kernel32:KERNEL32.dll
 0002:000001b8       __imp_MultiByteToWideChar  00000001800381b8     kernel32:KERNEL32.dll
 0002:000001c0       __imp_WideCharToMultiByte  00000001800381c0     kernel32:KERNEL32.dll
 0002:000001c8       __imp_GetEnvironmentStringsW 00000001800381c8     kernel32:KERNEL32.dll
 0002:000001d0       __imp_FreeEnvironmentStringsW 00000001800381d0     kernel32:KERNEL32.dll
 0002:000001d8       __imp_LCMapStringW         00000001800381d8     kernel32:KERNEL32.dll
 0002:000001e0       __imp_GetProcessHeap       00000001800381e0     kernel32:KERNEL32.dll
 0002:000001e8       __imp_FlushFileBuffers     00000001800381e8     kernel32:KERNEL32.dll
 0002:000001f0       __imp_GetConsoleCP         00000001800381f0     kernel32:KERNEL32.dll
 0002:000001f8       __imp_GetConsoleMode       00000001800381f8     kernel32:KERNEL32.dll
 0002:00000200       __imp_GetStringTypeW       0000000180038200     kernel32:KERNEL32.dll
 0002:00000208       __imp_HeapSize             0000000180038208     kernel32:KERNEL32.dll
 0002:00000210       __imp_SetStdHandle         0000000180038210     kernel32:KERNEL32.dll
 0002:00000218       __imp_GetFileSizeEx        0000000180038218     kernel32:KERNEL32.dll
 0002:00000220       __imp_SetFilePointerEx     0000000180038220     kernel32:KERNEL32.dll
 0002:00000228       __imp_CloseHandle          0000000180038228     kernel32:KERNEL32.dll
 0002:00000230       __imp_CreateFileW          0000000180038230     kernel32:KERNEL32.dll
 0002:00000238       __imp_VirtualQuery         0000000180038238     kernel32:KERNEL32.dll
 0002:00000240       __imp_VirtualProtect       0000000180038240     kernel32:KERNEL32.dll
 0002:00000248       __imp_GetSystemInfo        0000000180038248     kernel32:KERNEL32.dll
 0002:00000250       \177KERNEL32_NULL_THUNK_DATA 0000000180038250     kernel32:KERNEL32.dll
 0002:00000258       __imp_oggpack_reset        0000000180038258     ogg:ogg.node
 0002:00000260       __imp_oggpack_readinit     0000000180038260     ogg:ogg.node
 0002:00000268       __imp_oggpack_writetrunc   0000000180038268     ogg:ogg.node
 0002:00000270       __imp_oggpack_adv          0000000180038270     ogg:ogg.node
 0002:00000278       __imp_oggpack_look         0000000180038278     ogg:ogg.node
 0002:00000280       __imp_oggpack_get_buffer   0000000180038280     ogg:ogg.node
 0002:00000288       __imp_oggpack_read         0000000180038288     ogg:ogg.node
 0002:00000290       __imp_oggpack_bytes        0000000180038290     ogg:ogg.node
 0002:00000298       __imp_oggpack_writeclear   0000000180038298     ogg:ogg.node
 0002:000002a0       __imp_oggpack_writeinit    00000001800382a0     ogg:ogg.node
 0002:000002a8       __imp_oggpack_write        00000001800382a8     ogg:ogg.node
 0002:000002b0       \177ogg_NULL_THUNK_DATA    00000001800382b0     ogg:ogg.node
 0002:000002b8       __guard_check_icall_fptr   00000001800382b8     LIBCMT:guard_support.obj
 0002:000002c0       __guard_dispatch_icall_fptr 00000001800382c0     LIBCMT:guard_support.obj
 0002:000002c8       __xc_a                     00000001800382c8     LIBCMT:initializers.obj
 0002:000002d0       _register_vorbis_          00000001800382d0     binding.obj
 0002:000002d8       __xc_z                     00000001800382d8     LIBCMT:initializers.obj
 0002:000002e0       __xi_a                     00000001800382e0     LIBCMT:initializers.obj
 0002:000002e8       __acrt_stdio_initializer   00000001800382e8     libucrt:stdio_initializer.obj
 0002:000002f0       __acrt_multibyte_initializer 00000001800382f0     libucrt:multibyte_initializer.obj
 0002:000002f8       __acrt_tran_fma3_initializer 00000001800382f8     libucrt:fma3_initializer.obj
 0002:00000300       __xi_z                     0000000180038300     LIBCMT:initializers.obj
 0002:00000308       __xp_a                     0000000180038308     LIBCMT:initializers.obj
 0002:00000310       __acrt_locale_terminator   0000000180038310     libucrt:locale_initializer.obj
 0002:00000318       __dcrt_console_output_terminator 0000000180038318     libucrt:console_output_initializer.obj
 0002:00000320       __acrt_stdio_terminator    0000000180038320     libucrt:stdio_initializer.obj
 0002:00000328       __xp_z                     0000000180038328     LIBCMT:initializers.obj
 0002:00000330       __xt_a                     0000000180038330     LIBCMT:initializers.obj
 0002:00000338       __xt_z                     0000000180038338     LIBCMT:initializers.obj
 0002:00000340       __sz_node_exe              0000000180038340     node:node.exe
 0002:00000350       _pDefaultRawDllMain        0000000180038350     LIBCMT:dll_dllmain.obj
 0002:00000350       _pRawDllMain               0000000180038350     LIBCMT:dll_dllmain.obj
 0002:00000370       ??_7exception@std@@6B@     0000000180038370     LIBCMT:throw_bad_alloc.obj
 0002:00000380       ??_C@_0BC@EOODALEL@Unknown?5exception@ 0000000180038380     LIBCMT:throw_bad_alloc.obj
 0002:000003a0       ??_7bad_alloc@std@@6B@     00000001800383a0     LIBCMT:throw_bad_alloc.obj
 0002:000003b0       ??_C@_0P@GHFPNOJB@bad?5allocation@ 00000001800383b0     LIBCMT:throw_bad_alloc.obj
 0002:000003c8       ??_7bad_array_new_length@std@@6B@ 00000001800383c8     LIBCMT:throw_bad_alloc.obj
 0002:000003d8       ??_C@_0BF@KINCDENJ@bad?5array?5new?5length@ 00000001800383d8     LIBCMT:throw_bad_alloc.obj
 0002:000003f8       ??_7type_info@@6B@         00000001800383f8     LIBCMT:std_type_info_static.obj
 0002:00000440       _pDestructExceptionObject  0000000180038440     libvcruntime:ehhelpers.obj
 0002:00000790       ??_C@_08EHJDFFNH@__based?$CI@ 0000000180038790     libvcruntime:undname.obj
 0002:000007a0       ??_C@_07KOLFKCDI@__cdecl@  00000001800387a0     libvcruntime:undname.obj
 0002:000007a8       ??_C@_08GHMPAG@__pascal@   00000001800387a8     libvcruntime:undname.obj
 0002:000007b8       ??_C@_09IFJBGAPI@__stdcall@ 00000001800387b8     libvcruntime:undname.obj
 0002:000007c8       ??_C@_0L@NPHFGOKO@__thiscall@ 00000001800387c8     libvcruntime:undname.obj
 0002:000007d8       ??_C@_0L@JMKHOMEK@__fastcall@ 00000001800387d8     libvcruntime:undname.obj
 0002:000007e8       ??_C@_0N@BCKKPABJ@__vectorcall@ 00000001800387e8     libvcruntime:undname.obj
 0002:000007f8       ??_C@_09HIJEGCPM@__clrcall@ 00000001800387f8     libvcruntime:undname.obj
 0002:00000804       ??_C@_06GHPCKEAG@__eabi@   0000000180038804     libvcruntime:undname.obj
 0002:00000810       ??_C@_09IOPIDJLG@__swift_1@ 0000000180038810     libvcruntime:undname.obj
 0002:00000820       ??_C@_09KFNFGKHF@__swift_2@ 0000000180038820     libvcruntime:undname.obj
 0002:00000830       ??_C@_07JOMMBBKO@__ptr64@  0000000180038830     libvcruntime:undname.obj
 0002:00000838       ??_C@_0L@PILCLIHE@__restrict@ 0000000180038838     libvcruntime:undname.obj
 0002:00000848       ??_C@_0M@GFIIJFMG@__unaligned@ 0000000180038848     libvcruntime:undname.obj
 0002:00000858       ??_C@_09DHDLOLLB@restrict?$CI@ 0000000180038858     libvcruntime:undname.obj
 0002:00000862       ??_C@_00CNPNBAHC@@         0000000180038862     libvcruntime:undname.obj
 0002:00000864       ??_C@_04NIHEBCM@?5new@     0000000180038864     libvcruntime:undname.obj
 0002:00000870       ??_C@_07FPCDHGMM@?5delete@ 0000000180038870     libvcruntime:undname.obj
 0002:00000878       ??_C@_02GPIOPFAK@?$DO?$DO@ 0000000180038878     libvcruntime:undname.obj
 0002:0000087c       ??_C@_02FODMEDOG@?$DM?$DM@ 000000018003887c     libvcruntime:undname.obj
 0002:00000880       ??_C@_01DCLJPIOD@?$CB@     0000000180038880     libvcruntime:undname.obj
 0002:00000884       ??_C@_02EGOFBIJA@?$DN?$DN@ 0000000180038884     libvcruntime:undname.obj
 0002:00000888       ??_C@_02FDNJECIE@?$CB?$DN@ 0000000180038888     libvcruntime:undname.obj
 0002:0000088c       ??_C@_02GPECMEKF@?$FL?$FN@ 000000018003888c     libvcruntime:undname.obj
 0002:00000890       ??_C@_08LHJFAFGD@operator@ 0000000180038890     libvcruntime:undname.obj
 0002:0000089c       ??_C@_02HBOOOICD@?9?$DO@   000000018003889c     libvcruntime:undname.obj
 0002:000008a0       ??_C@_01NBENCBCI@?$CK@     00000001800388a0     libvcruntime:undname.obj
 0002:000008a4       ??_C@_02ECNGHCIF@?$CL?$CL@ 00000001800388a4     libvcruntime:undname.obj
 0002:000008a8       ??_C@_02BAABKJLB@?9?9@     00000001800388a8     libvcruntime:undname.obj
 0002:000008ac       ??_C@_01JOAMLHOP@?9@       00000001800388ac     libvcruntime:undname.obj
 0002:000008b0       ??_C@_01MIFGBAGJ@?$CL@     00000001800388b0     libvcruntime:undname.obj
 0002:000008b4       ??_C@_01HNPIGOCE@?$CG@     00000001800388b4     libvcruntime:undname.obj
 0002:000008b8       ??_C@_03MNHNFDLC@?9?$DO?$CK@ 00000001800388b8     libvcruntime:undname.obj
[...]
 0004:00001758       $pdata$1$vorbis_synthesis_blockin 00000001801c6758     libvorbis:block.obj
 0004:00001764       $pdata$5$vorbis_synthesis_blockin 00000001801c6764     libvorbis:block.obj
 0004:00001770       $pdata$6$vorbis_synthesis_blockin 00000001801c6770     libvorbis:block.obj
 0004:0000177c       $pdata$7$vorbis_synthesis_blockin 00000001801c677c     libvorbis:block.obj
 0004:00001788       $pdata$8$vorbis_synthesis_blockin 00000001801c6788     libvorbis:block.obj
 0004:00001794       $pdata$9$vorbis_synthesis_blockin 00000001801c6794     libvorbis:block.obj
 0004:000017a0       $pdata$10$vorbis_synthesis_blockin 00000001801c67a0     libvorbis:block.obj
 0004:000017ac       $pdata$vorbis_analysis_wrote 00000001801c67ac     libvorbis:block.obj
 0004:000017b8       $pdata$vorbis_analysis_buffer 00000001801c67b8     libvorbis:block.obj
 0004:000017c4       $pdata$vorbis_analysis_blockout 00000001801c67c4     libvorbis:block.obj
 0004:000017d0       $pdata$_vorbis_pack_books  00000001801c67d0     libvorbis:info.obj
 0004:000017dc       $pdata$4$_vorbis_pack_books 00000001801c67dc     libvorbis:info.obj
 0004:000017e8       $pdata$6$_vorbis_pack_books 00000001801c67e8     libvorbis:info.obj
 0004:000017f4       $pdata$_vorbis_pack_comment 00000001801c67f4     libvorbis:info.obj
 0004:00001800       $pdata$0$_vorbis_pack_comment 00000001801c6800     libvorbis:info.obj
 0004:0000180c       $pdata$2$_vorbis_pack_comment 00000001801c680c     libvorbis:info.obj
 0004:00001818       $pdata$3$_vorbis_pack_comment 00000001801c6818     libvorbis:info.obj
 0004:00001824       $pdata$4$_vorbis_pack_comment 00000001801c6824     libvorbis:info.obj
 0004:00001830       $pdata$_vorbis_unpack_books 00000001801c6830     libvorbis:info.obj
 0004:0000183c       $pdata$_vorbis_unpack_comment 00000001801c683c     libvorbis:info.obj
 0004:00001848       $pdata$vorbis_info_clear   00000001801c6848     libvorbis:info.obj
 0004:00001854       $pdata$2$vorbis_info_clear 00000001801c6854     libvorbis:info.obj
 0004:00001860       $pdata$4$vorbis_info_clear 00000001801c6860     libvorbis:info.obj
 0004:0000186c       $pdata$5$vorbis_info_clear 00000001801c686c     libvorbis:info.obj
 0004:00001878       $pdata$6$vorbis_info_clear 00000001801c6878     libvorbis:info.obj
 0004:00001884       $pdata$vorbis_analysis_headerout 00000001801c6884     libvorbis:info.obj
 0004:00001890       $pdata$vorbis_synthesis_headerin 00000001801c6890     libvorbis:info.obj
 0004:0000189c       $pdata$0$vorbis_synthesis_headerin 00000001801c689c     libvorbis:info.obj
 0004:000018a8       $pdata$1$vorbis_synthesis_headerin 00000001801c68a8     libvorbis:info.obj
 0004:000018b4       $pdata$vorbis_bitrate_addblock 00000001801c68b4     libvorbis:bitrate.obj
 0004:000018c0       $pdata$3$vorbis_bitrate_addblock 00000001801c68c0     libvorbis:bitrate.obj
 0004:000018cc       $pdata$4$vorbis_bitrate_addblock 00000001801c68cc     libvorbis:bitrate.obj
 0004:000018d8       $pdata$vorbis_synthesis    00000001801c68d8     libvorbis:synthesis.obj
 0004:000018e4       $pdata$vorbis_lpc_predict  00000001801c68e4     libvorbis:lpc.obj
 0004:000018f0       $pdata$vorbis_lpc_from_data 00000001801c68f0     libvorbis:lpc.obj
 0004:000018fc       $pdata$_book_unquantize    00000001801c68fc     libvorbis:sharedbook.obj
 0004:00001908       $pdata$3$_book_unquantize  00000001801c6908     libvorbis:sharedbook.obj
 0004:00001914       $pdata$4$_book_unquantize  00000001801c6914     libvorbis:sharedbook.obj
 0004:00001920       $pdata$5$_book_unquantize  00000001801c6920     libvorbis:sharedbook.obj
 0004:0000192c       $pdata$6$_book_unquantize  00000001801c692c     libvorbis:sharedbook.obj
 0004:00001938       $pdata$_book_maptype1_quantvals 00000001801c6938     libvorbis:sharedbook.obj
 0004:00001944       $pdata$_make_words         00000001801c6944     libvorbis:sharedbook.obj
 0004:00001950       $pdata$vorbis_book_init_decode 00000001801c6950     libvorbis:sharedbook.obj
 0004:0000195c       $pdata$_ve_amp             00000001801c695c     libvorbis:envelope.obj
 0004:00001968       $pdata$_ve_envelope_init   00000001801c6968     libvorbis:envelope.obj
 0004:00001974       $pdata$_ve_envelope_search 00000001801c6974     libvorbis:envelope.obj
 0004:00001980       $pdata$3$_ve_envelope_search 00000001801c6980     libvorbis:envelope.obj
 0004:0000198c       $pdata$5$_ve_envelope_search 00000001801c698c     libvorbis:envelope.obj
 0004:00001998       $pdata$6$_ve_envelope_search 00000001801c6998     libvorbis:envelope.obj
 0004:000019a4       $pdata$7$_ve_envelope_search 00000001801c69a4     libvorbis:envelope.obj
 0004:000019b0       $pdata$_vp_couple_quantize_normalize 00000001801c69b0     libvorbis:psy.obj
 0004:000019bc       $pdata$noise_normalize     00000001801c69bc     libvorbis:psy.obj
 0004:000019c8       $pdata$_vp_offset_and_mix  00000001801c69c8     libvorbis:psy.obj
 0004:000019d4       $pdata$1$_vp_offset_and_mix 00000001801c69d4     libvorbis:psy.obj
 0004:000019e0       $pdata$2$_vp_offset_and_mix 00000001801c69e0     libvorbis:psy.obj
 0004:000019ec       $pdata$_vp_tonemask        00000001801c69ec     libvorbis:psy.obj
 0004:000019f8       $pdata$_vp_noisemask       00000001801c69f8     libvorbis:psy.obj
 0004:00001a04       $pdata$bark_noise_hybridmp 00000001801c6a04     libvorbis:psy.obj
 0004:00001a10       $pdata$max_seeds           00000001801c6a10     libvorbis:psy.obj
 0004:00001a1c       $pdata$1$max_seeds         00000001801c6a1c     libvorbis:psy.obj
 0004:00001a28       $pdata$2$max_seeds         00000001801c6a28     libvorbis:psy.obj
 0004:00001a34       $pdata$3$max_seeds         00000001801c6a34     libvorbis:psy.obj
 0004:00001a40       $pdata$4$max_seeds         00000001801c6a40     libvorbis:psy.obj
 0004:00001a4c       $pdata$seed_chase          00000001801c6a4c     libvorbis:psy.obj
 0004:00001a58       $pdata$seed_curve          00000001801c6a58     libvorbis:psy.obj
 0004:00001a64       $pdata$setup_tone_curves   00000001801c6a64     libvorbis:psy.obj
 0004:00001a70       $pdata$_vp_psy_init        00000001801c6a70     libvorbis:psy.obj
 0004:00001a7c       $pdata$mdct_backward       00000001801c6a7c     libvorbis:mdct.obj
 0004:00001a88       $pdata$mdct_bitreverse     00000001801c6a88     libvorbis:mdct.obj
 0004:00001a94       $pdata$mdct_butterflies    00000001801c6a94     libvorbis:mdct.obj
 0004:00001aa0       $pdata$1$mdct_butterflies  00000001801c6aa0     libvorbis:mdct.obj
 0004:00001aac       $pdata$6$mdct_butterflies  00000001801c6aac     libvorbis:mdct.obj
 0004:00001ab8       $pdata$7$mdct_butterflies  00000001801c6ab8     libvorbis:mdct.obj
 0004:00001ac4       $pdata$8$mdct_butterflies  00000001801c6ac4     libvorbis:mdct.obj
 0004:00001ad0       $pdata$mdct_butterfly_32   00000001801c6ad0     libvorbis:mdct.obj
 0004:00001adc       $pdata$mdct_butterfly_16   00000001801c6adc     libvorbis:mdct.obj
 0004:00001ae8       $pdata$mdct_butterfly_8    00000001801c6ae8     libvorbis:mdct.obj
 0004:00001af4       $pdata$mdct_forward        00000001801c6af4     libvorbis:mdct.obj
 0004:00001b00       $pdata$mdct_init           00000001801c6b00     libvorbis:mdct.obj
 0004:00001b0c       $pdata$2$mdct_init         00000001801c6b0c     libvorbis:mdct.obj
 0004:00001b18       $pdata$8$mdct_init         00000001801c6b18     libvorbis:mdct.obj
 0004:00001b24       $pdata$10$mdct_init        00000001801c6b24     libvorbis:mdct.obj
 0004:00001b30       $pdata$11$mdct_init        00000001801c6b30     libvorbis:mdct.obj
 0004:00001b3c       $pdata$12$mdct_init        00000001801c6b3c     libvorbis:mdct.obj
 0004:00001b48       $pdata$13$mdct_init        00000001801c6b48     libvorbis:mdct.obj
 0004:00001b54       $pdata$drftf1              00000001801c6b54     libvorbis:smallft.obj
 0004:00001b60       $pdata$1$drftf1            00000001801c6b60     libvorbis:smallft.obj
 0004:00001b6c       $pdata$2$drftf1            00000001801c6b6c     libvorbis:smallft.obj
 0004:00001b78       $pdata$dradfg              00000001801c6b78     libvorbis:smallft.obj
 0004:00001b84       $pdata$3$dradfg            00000001801c6b84     libvorbis:smallft.obj
 0004:00001b90       $pdata$4$dradfg            00000001801c6b90     libvorbis:smallft.obj
 0004:00001b9c       $pdata$dradf4              00000001801c6b9c     libvorbis:smallft.obj
 0004:00001ba8       $pdata$5$dradf4            00000001801c6ba8     libvorbis:smallft.obj
 0004:00001bb4       $pdata$6$dradf4            00000001801c6bb4     libvorbis:smallft.obj
 0004:00001bc0       $pdata$dradf2              00000001801c6bc0     libvorbis:smallft.obj
 0004:00001bcc       $pdata$drfti1              00000001801c6bcc     libvorbis:smallft.obj
 0004:00001bd8       $pdata$3$drfti1            00000001801c6bd8     libvorbis:smallft.obj
 0004:00001be4       $pdata$4$drfti1            00000001801c6be4     libvorbis:smallft.obj
 0004:00001bf0       $pdata$_vorbis_apply_window 00000001801c6bf0     libvorbis:window.obj
 0004:00001bfc       $pdata$vorbis_book_decodev_add 00000001801c6bfc     libvorbis:codebook.obj
 0004:00001c08       $pdata$vorbis_book_decodevs_add 00000001801c6c08     libvorbis:codebook.obj
 0004:00001c14       $pdata$decode_packed_entry_number 00000001801c6c14     libvorbis:codebook.obj
 0004:00001c20       $pdata$vorbis_staticbook_pack 00000001801c6c20     libvorbis:codebook.obj
 0004:00001c2c       $pdata$2$vorbis_staticbook_pack 00000001801c6c2c     libvorbis:codebook.obj
 0004:00001c38       $pdata$4$vorbis_staticbook_pack 00000001801c6c38     libvorbis:codebook.obj
 0004:00001c44       $pdata$5$vorbis_staticbook_pack 00000001801c6c44     libvorbis:codebook.obj
 0004:00001c50       $pdata$6$vorbis_staticbook_pack 00000001801c6c50     libvorbis:codebook.obj
 0004:00001c5c       $pdata$vorbis_staticbook_unpack 00000001801c6c5c     libvorbis:codebook.obj
 0004:00001c68       $pdata$floor0_inverse2     00000001801c6c68     libvorbis:floor0.obj
 0004:00001c74       $pdata$0$floor0_inverse2   00000001801c6c74     libvorbis:floor0.obj
 0004:00001c80       $pdata$12$floor0_inverse2  00000001801c6c80     libvorbis:floor0.obj
 0004:00001c8c       $pdata$13$floor0_inverse2  00000001801c6c8c     libvorbis:floor0.obj
 0004:00001c98       $pdata$14$floor0_inverse2  00000001801c6c98     libvorbis:floor0.obj
 0004:00001ca4       $pdata$floor0_inverse1     00000001801c6ca4     libvorbis:floor0.obj
 0004:00001cb0       $pdata$floor0_look         00000001801c6cb0     libvorbis:floor0.obj
 0004:00001cbc       $pdata$floor0_unpack       00000001801c6cbc     libvorbis:floor0.obj
 0004:00001cc8       $pdata$floor0_free_look    00000001801c6cc8     libvorbis:floor0.obj
 0004:00001cd4       $pdata$mapping0_inverse    00000001801c6cd4     libvorbis:mapping0.obj
 0004:00001ce0       $pdata$mapping0_forward    00000001801c6ce0     libvorbis:mapping0.obj
 0004:00001cec       $pdata$mapping0_unpack     00000001801c6cec     libvorbis:mapping0.obj
 0004:00001cf8       $pdata$mapping0_pack       00000001801c6cf8     libvorbis:mapping0.obj
 0004:00001d04       $pdata$2$mapping0_pack     00000001801c6d04     libvorbis:mapping0.obj
 0004:00001d10       $pdata$3$mapping0_pack     00000001801c6d10     libvorbis:mapping0.obj
 0004:00001d1c       $pdata$mapping0_free_info  00000001801c6d1c     libvorbis:mapping0.obj
 0004:00001d28       $pdata$res2_inverse        00000001801c6d28     libvorbis:res0.obj
 0004:00001d34       $pdata$res2_forward        00000001801c6d34     libvorbis:res0.obj
 0004:00001d40       $pdata$res2_class          00000001801c6d40     libvorbis:res0.obj
 0004:00001d4c       $pdata$0$res2_class        00000001801c6d4c     libvorbis:res0.obj
 0004:00001d58       $pdata$1$res2_class        00000001801c6d58     libvorbis:res0.obj
 0004:00001d64       $pdata$res1_inverse        00000001801c6d64     libvorbis:res0.obj
 0004:00001d70       $pdata$res1_class          00000001801c6d70     libvorbis:res0.obj
 0004:00001d7c       $pdata$res1_forward        00000001801c6d7c     libvorbis:res0.obj
 0004:00001d88       $pdata$0$res1_forward      00000001801c6d88     libvorbis:res0.obj
 0004:00001d94       $pdata$1$res1_forward      00000001801c6d94     libvorbis:res0.obj
 0004:00001da0       $pdata$res0_inverse        00000001801c6da0     libvorbis:res0.obj
 0004:00001dac       $pdata$_01inverse          00000001801c6dac     libvorbis:res0.obj
 0004:00001db8       $pdata$_01forward          00000001801c6db8     libvorbis:res0.obj
 0004:00001dc4       $pdata$1$_01forward        00000001801c6dc4     libvorbis:res0.obj
 0004:00001dd0       $pdata$2$_01forward        00000001801c6dd0     libvorbis:res0.obj
 0004:00001ddc       $pdata$_2class             00000001801c6ddc     libvorbis:res0.obj
 0004:00001de8       $pdata$_01class            00000001801c6de8     libvorbis:res0.obj
 0004:00001df4       $pdata$_encodepart         00000001801c6df4     libvorbis:res0.obj
 0004:00001e00       $pdata$2$_encodepart       00000001801c6e00     libvorbis:res0.obj
 0004:00001e0c       $pdata$3$_encodepart       00000001801c6e0c     libvorbis:res0.obj
 0004:00001e18       $pdata$local_book_besterror 00000001801c6e18     libvorbis:res0.obj
 0004:00001e24       $pdata$4$local_book_besterror 00000001801c6e24     libvorbis:res0.obj
 0004:00001e30       $pdata$5$local_book_besterror 00000001801c6e30     libvorbis:res0.obj
 0004:00001e3c       $pdata$res0_look           00000001801c6e3c     libvorbis:res0.obj
 0004:00001e48       $pdata$res0_unpack         00000001801c6e48     libvorbis:res0.obj
 0004:00001e54       $pdata$res0_pack           00000001801c6e54     libvorbis:res0.obj
 0004:00001e60       $pdata$0$res0_pack         00000001801c6e60     libvorbis:res0.obj
 0004:00001e6c       $pdata$1$res0_pack         00000001801c6e6c     libvorbis:res0.obj
 0004:00001e78       $pdata$res0_free_look      00000001801c6e78     libvorbis:res0.obj
 0004:00001e84       $pdata$1$res0_free_look    00000001801c6e84     libvorbis:res0.obj
 0004:00001e90       $pdata$2$res0_free_look    00000001801c6e90     libvorbis:res0.obj
 0004:00001e9c       $pdata$3$res0_free_look    00000001801c6e9c     libvorbis:res0.obj
 0004:00001ea8       $pdata$4$res0_free_look    00000001801c6ea8     libvorbis:res0.obj
 0004:00001eb4       $pdata$res0_free_info      00000001801c6eb4     libvorbis:res0.obj
 0004:00001ec0       $pdata$floor1_inverse2     00000001801c6ec0     libvorbis:floor1.obj
 0004:00001ecc       $pdata$2$floor1_inverse2   00000001801c6ecc     libvorbis:floor1.obj
 0004:00001ed8       $pdata$4$floor1_inverse2   00000001801c6ed8     libvorbis:floor1.obj
 0004:00001ee4       $pdata$5$floor1_inverse2   00000001801c6ee4     libvorbis:floor1.obj
 0004:00001ef0       $pdata$6$floor1_inverse2   00000001801c6ef0     libvorbis:floor1.obj
 0004:00001efc       $pdata$7$floor1_inverse2   00000001801c6efc     libvorbis:floor1.obj
 0004:00001f08       $pdata$floor1_inverse1     00000001801c6f08     libvorbis:floor1.obj
 0004:00001f14       $pdata$inspect_error       00000001801c6f14     libvorbis:floor1.obj
 0004:00001f20       $pdata$fit_line            00000001801c6f20     libvorbis:floor1.obj
 0004:00001f2c       $pdata$accumulate_fit      00000001801c6f2c     libvorbis:floor1.obj
 0004:00001f38       $pdata$render_line         00000001801c6f38     libvorbis:floor1.obj
 0004:00001f44       $pdata$floor1_look         00000001801c6f44     libvorbis:floor1.obj
 0004:00001f50       $pdata$0$floor1_look       00000001801c6f50     libvorbis:floor1.obj
 0004:00001f5c       $pdata$1$floor1_look       00000001801c6f5c     libvorbis:floor1.obj
 0004:00001f68       $pdata$2$floor1_look       00000001801c6f68     libvorbis:floor1.obj
 0004:00001f74       $pdata$3$floor1_look       00000001801c6f74     libvorbis:floor1.obj
 0004:00001f80       $pdata$floor1_unpack       00000001801c6f80     libvorbis:floor1.obj
 0004:00001f8c       $pdata$floor1_pack         00000001801c6f8c     libvorbis:floor1.obj
 0004:00001f98       $pdata$floor1_free_look    00000001801c6f98     libvorbis:floor1.obj
 0004:00001fa4       $pdata$floor1_free_info    00000001801c6fa4     libvorbis:floor1.obj
 0004:00001fb0       $pdata$floor1_interpolate_fit 00000001801c6fb0     libvorbis:floor1.obj
 0004:00001fbc       $pdata$0$floor1_interpolate_fit 00000001801c6fbc     libvorbis:floor1.obj
 0004:00001fc8       $pdata$1$floor1_interpolate_fit 00000001801c6fc8     libvorbis:floor1.obj
 0004:00001fd4       $pdata$2$floor1_interpolate_fit 00000001801c6fd4     libvorbis:floor1.obj
 0004:00001fe0       $pdata$6$floor1_interpolate_fit 00000001801c6fe0     libvorbis:floor1.obj
 0004:00001fec       $pdata$7$floor1_interpolate_fit 00000001801c6fec     libvorbis:floor1.obj
 0004:00001ff8       $pdata$8$floor1_interpolate_fit 00000001801c6ff8     libvorbis:floor1.obj
 0004:00002004       $pdata$floor1_encode       00000001801c7004     libvorbis:floor1.obj
 0004:00002010       $pdata$2$floor1_encode     00000001801c7010     libvorbis:floor1.obj
 0004:0000201c       $pdata$3$floor1_encode     00000001801c701c     libvorbis:floor1.obj
 0004:00002028       $pdata$floor1_fit          00000001801c7028     libvorbis:floor1.obj
 0004:00002034       $pdata$vorbis_lsp_to_curve 00000001801c7034     libvorbis:lsp.obj
 0004:00002040       $pdata$8$vorbis_lsp_to_curve 00000001801c7040     libvorbis:lsp.obj
 0004:0000204c       $pdata$9$vorbis_lsp_to_curve 00000001801c704c     libvorbis:lsp.obj
 0004:00002058       $pdata$vorbis_encode_setup_init 00000001801c7058     libvorbisenc:vorbisenc.obj
 0004:00002064       $pdata$3$vorbis_encode_setup_init 00000001801c7064     libvorbisenc:vorbisenc.obj
 0004:00002070       $pdata$4$vorbis_encode_setup_init 00000001801c7070     libvorbisenc:vorbisenc.obj
 0004:0000207c       $pdata$5$vorbis_encode_setup_init 00000001801c707c     libvorbisenc:vorbisenc.obj
 0004:00002088       $pdata$get_setup_template  00000001801c7088     libvorbisenc:vorbisenc.obj
 0004:00002094       $pdata$vorbis_encode_residue_setup 00000001801c7094     libvorbisenc:vorbisenc.obj
 0004:000020a0       $pdata$5$vorbis_encode_residue_setup 00000001801c70a0     libvorbisenc:vorbisenc.obj
 0004:000020ac       $pdata$6$vorbis_encode_residue_setup 00000001801c70ac     libvorbisenc:vorbisenc.obj
 0004:000020b8       $pdata$7$vorbis_encode_residue_setup 00000001801c70b8     libvorbisenc:vorbisenc.obj
 0004:000020c4       $pdata$8$vorbis_encode_residue_setup 00000001801c70c4     libvorbisenc:vorbisenc.obj
 0004:000020d0       $pdata$vorbis_encode_psyset_setup 00000001801c70d0     libvorbisenc:vorbisenc.obj
 0004:000020dc       $pdata$vorbis_encode_global_stereo 00000001801c70dc     libvorbisenc:vorbisenc.obj
 0004:000020e8       $pdata$1$vorbis_encode_global_stereo 00000001801c70e8     libvorbisenc:vorbisenc.obj
 0004:000020f4       $pdata$3$vorbis_encode_global_stereo 00000001801c70f4     libvorbisenc:vorbisenc.obj
 0004:00002100       $pdata$4$vorbis_encode_global_stereo 00000001801c7100     libvorbisenc:vorbisenc.obj
 0004:0000210c       $pdata$atan                00000001801c710c     libucrt:atan.obj
 0004:00002154       $pdata$sqrt                00000001801c7154     libucrt:sqrt.obj
 0004:00002190       $pdata$_sincos_special     00000001801c7190     libucrt:sincos_special.obj
 0004:0000219c       $pdata$_exp_special        00000001801c719c     libucrt:exp_special.obj
 0004:000021a8       $pdata$_pow_special        00000001801c71a8     libucrt:pow_special.obj
 0005:00000000       MsetTab                    00000001801c8000     libvcruntime:memset.obj
 0005:00000050       MoveSmall                  00000001801c8050     libvcruntime:memcpy.obj
 0006:00000060       $R000000                   00000001801c9060     * linker generated manifest res *

 Exports

  ordinal    name

        1    _register_vorbis_
